ARM Linker, RVCT4.0 [Build 524] for uVision [Evaluation]

==============================================================================

Section Cross References

    sam7.o(RESET) refers to sam7.o(STACK) for Stack_Top
    sam7.o(RESET) refers to entry.o(.ARM.Collect$$$$00000000) for __main
    uart_calculator.o(.text) refers to lcd_ge8.o(.text) for LCD_ClearScreen
    uart_calculator.o(.text) refers to lib_at91sam7_usart.o(.text) for AT91F_US_TxReady
    uart_calculator.o(.text) refers to strlen.o(.text) for strlen
    uart_calculator.o(.text) refers to lowlevelinit.o(.text) for AT91F_LowLevel_Init
    uart_calculator.o(.text) refers to lib_at91sam7_pmc.o(.text) for AT91F_PMC_EnablePeripheralClock
    uart_calculator.o(.text) refers to uart_calculator.o(.data) for pUART1
    uart_calculator.o(.text) refers to fixedsys.o(.data) for Fixedsys_descriptor
    lib_at91sam7_pmc.o(.text) refers to uidiv.o(.text) for __aeabi_uidivmod
    lib_at91sam7_pmc.o(.text) refers to lib_at91sam7_pio.o(.text) for AT91F_PIO_CfgPeripheral
    lib_at91sam7_usart.o(.text) refers to uidiv.o(.text) for __aeabi_uidivmod
    lib_at91sam7_usart.o(.text) refers to lib_at91sam7_pdc.o(.text) for AT91F_PDC_Open
    lib_at91sam7_usart.o(.text) refers to lib_at91sam7_pmc.o(.text) for AT91F_PMC_EnablePeripheralClock
    lib_at91sam7_usart.o(.text) refers to lib_at91sam7_pio.o(.text) for AT91F_PIO_CfgPeripheral
    lowlevelinit.o(.text) refers to lib_at91sam7_pmc.o(.text) for AT91F_PMC_GetPeripheralAddress
    fixedsys.o(.data) refers to fixedsys.o(.conststring) for .conststring
    fixedsys.o(.data) refers to fixedsys.o(.constdata) for Fixedsys
    lcd_ge8.o(.text) refers to lib_at91sam7_spi.o(.text) for AT91F_SPI_GetPeripheralAddress
    lcd_ge8.o(.text) refers to lcd_ge8.o(.data) for .data
    lib_at91sam7_pio.o(.text) refers to lib_at91sam7_pmc.o(.text) for AT91F_PMC_EnablePeripheralClock
    lib_at91sam7_spi.o(.text) refers to lib_at91sam7_pdc.o(.text) for AT91F_PDC_ReceiveFrame
    lib_at91sam7_spi.o(.text) refers to lib_at91sam7_pmc.o(.text) for AT91F_PMC_EnablePeripheralClock
    lib_at91sam7_spi.o(.text) refers to lib_at91sam7_pio.o(.text) for AT91F_PIO_CfgPeripheral
    entry.o(.ARM.Collect$$$$00000000) refers (Special) to entry7.o(.ARM.Collect$$$$00000007) for _main_init
    entry.o(.ARM.Collect$$$$00000000) refers (Special) to entry5.o(.ARM.Collect$$$$00000004) for _main_scatterload
    entry.o(.ARM.Collect$$$$00000000) refers (Special) to entry2.o(.ARM.Collect$$$$00000001) for _main_stk
    entry2.o(.ARM.Collect$$$$00000001) refers to entry2.o(.ARM.Collect$$$$00002712) for __lit__00000000
    entry2.o(.ARM.Collect$$$$00002712) refers to sam7.o(STACK) for __initial_sp
    entry5.o(.ARM.Collect$$$$00000004) refers to init.o(.text) for __scatterload
    entry7.o(.ARM.Collect$$$$00000007) refers to uart_calculator.o(.text) for main
    init.o(.text) refers to init.o(i.__ARM_common_call_via_r3) for __ARM_common_call_via_r3
    init.o(.text) refers to entry5.o(.ARM.Collect$$$$00000004) for __main_after_scatterload


==============================================================================

Removing Unused input sections from the image.

    Removing sam7.o(HEAP), (0 bytes).
    Removing lcd_ge8.o(.data), (4 bytes).
    Removing lcd_ge8.o(.data), (4 bytes).

3 unused section(s) (total 8 bytes) removed from the image.

==============================================================================

Adding Veneers to the image

    Adding TA veneer (4 bytes, Inline) for call to 'AT91F_LowLevel_Init' from uart_calculator.o(.text).
    Adding AT veneer (8 bytes, Inline) for call to '__aeabi_uidivmod' from lib_at91sam7_pmc.o(.text).
    Adding AT veneer (8 bytes, Inline) for call to '__scatterload' from entry5.o(.ARM.Collect$$$$00000004).
    Adding TA veneer (8 bytes, Short) for call to 'LCD_ClearScreen' from uart_calculator.o(.text).
    Adding TA veneer (8 bytes, Short) for call to 'AT91F_US_TxReady' from uart_calculator.o(.text).
    Adding TA veneer (8 bytes, Short) for call to 'AT91F_US_PutChar' from uart_calculator.o(.text).
    Adding TA veneer (8 bytes, Short) for call to 'AT91F_US_RxReady' from uart_calculator.o(.text).
    Adding TA veneer (8 bytes, Short) for call to 'AT91F_US_GetChar' from uart_calculator.o(.text).
    Adding TA veneer (8 bytes, Short) for call to 'LCD_WriteString' from uart_calculator.o(.text).
    Adding TA veneer (8 bytes, Short) for call to 'InitLCD' from uart_calculator.o(.text).
    Adding TA veneer (8 bytes, Short) for call to 'AT91F_US_Configure' from uart_calculator.o(.text).
    Adding TA veneer (8 bytes, Short) for call to 'AT91F_PMC_EnablePeripheralClock' from uart_calculator.o(.text).
    Adding TA veneer (8 bytes, Short) for call to 'AT91F_US1_CfgPMC' from uart_calculator.o(.text).
    Adding TA veneer (8 bytes, Short) for call to 'AT91F_US1_CfgPIO' from uart_calculator.o(.text).
    Adding TA veneer (8 bytes, Short) for call to 'AT91F_US_EnableRx' from uart_calculator.o(.text).
    Adding TA veneer (8 bytes, Short) for call to 'AT91F_US_EnableTx' from uart_calculator.o(.text).
    Adding TA veneer (8 bytes, Short) for call to '__main_after_scatterload' from init.o(.text).

17 Veneer(s) (total 132 bytes) added to the image.

==============================================================================

Image Symbol Table

    Local Symbols

    Symbol Name                              Value     Ov Type        Size  Object(Section)

    ../../microlib/division.c                0x00000000   Number         0  uidiv.o ABSOLUTE
    ../../microlib/init/entry.s              0x00000000   Number         0  entry5.o ABSOLUTE
    ../../microlib/init/entry.s              0x00000000   Number         0  entry2.o ABSOLUTE
    ../../microlib/init/entry.s              0x00000000   Number         0  entry.o ABSOLUTE
    ../../microlib/init/entry.s              0x00000000   Number         0  entry7.o ABSOLUTE
    ../../microlib/string/strlen.c           0x00000000   Number         0  strlen.o ABSOLUTE
    LIB_AT91SAM7\lib_at91sam7_pdc.c          0x00000000   Number         0  lib_at91sam7_pdc.o ABSOLUTE
    LIB_AT91SAM7\lib_at91sam7_pio.c          0x00000000   Number         0  lib_at91sam7_pio.o ABSOLUTE
    LIB_AT91SAM7\lib_at91sam7_pmc.c          0x00000000   Number         0  lib_at91sam7_pmc.o ABSOLUTE
    LIB_AT91SAM7\lib_at91sam7_spi.c          0x00000000   Number         0  lib_at91sam7_spi.o ABSOLUTE
    LIB_AT91SAM7\lib_at91sam7_usart.c        0x00000000   Number         0  lib_at91sam7_usart.o ABSOLUTE
    LIB_AT91SAM7\lowlevelinit.c              0x00000000   Number         0  lowlevelinit.o ABSOLUTE
    LIB_LCDGE8\fixedsys.c                    0x00000000   Number         0  fixedsys.o ABSOLUTE
    LIB_LCDGE8\lcd_GE8.c                     0x00000000   Number         0  lcd_ge8.o ABSOLUTE
    SAM7.s                                   0x00000000   Number         0  sam7.o ABSOLUTE
    UART_calculator\UART_calculator.c        0x00000000   Number         0  uart_calculator.o ABSOLUTE
    dc.s                                     0x00000000   Number         0  dc.o ABSOLUTE
    handlers.s                               0x00000000   Number         0  handlers.o ABSOLUTE
    init.s                                   0x00000000   Number         0  init.o ABSOLUTE
    RESET                                    0x00100000   Section      324  sam7.o(RESET)
    Undef_Handler                            0x00100040   ARM Code       4  sam7.o(RESET)
    SWI_Handler                              0x00100044   ARM Code       4  sam7.o(RESET)
    PAbt_Handler                             0x00100048   ARM Code       4  sam7.o(RESET)
    DAbt_Handler                             0x0010004c   ARM Code       4  sam7.o(RESET)
    IRQ_Handler                              0x00100050   ARM Code       4  sam7.o(RESET)
    FIQ_Handler                              0x00100054   ARM Code       4  sam7.o(RESET)
    .ARM.Collect$$$$00000000                 0x00100144   Section        0  entry.o(.ARM.Collect$$$$00000000)
    .ARM.Collect$$$$00000001                 0x00100144   Section        4  entry2.o(.ARM.Collect$$$$00000001)
    .ARM.Collect$$$$00000004                 0x00100148   Section        4  entry5.o(.ARM.Collect$$$$00000004)
    .ARM.Collect$$$$00000007                 0x0010014c   Section       12  entry7.o(.ARM.Collect$$$$00000007)
    .ARM.Collect$$$$00002712                 0x00100158   Section        4  entry2.o(.ARM.Collect$$$$00002712)
    __lit__00000000                          0x00100158   Data           4  entry2.o(.ARM.Collect$$$$00002712)
    .text                                    0x0010015c   Section      448  uart_calculator.o(.text)
    .text                                    0x0010031c   Section      540  lib_at91sam7_pmc.o(.text)
    .text                                    0x00100538   Section      592  lib_at91sam7_usart.o(.text)
    .text                                    0x0010078c   Section      132  lowlevelinit.o(.text)
    .text                                    0x00100810   Section     2356  lcd_ge8.o(.text)
    .text                                    0x00101144   Section      440  lib_at91sam7_pdc.o(.text)
    .text                                    0x001012fc   Section      520  lib_at91sam7_pio.o(.text)
    .text                                    0x00101504   Section      744  lib_at91sam7_spi.o(.text)
    .text                                    0x001017f4   Section       46  uidiv.o(.text)
    .text                                    0x00101822   Section       16  strlen.o(.text)
    .text                                    0x0010183c   Section       32  init.o(.text)
    i.__ARM_common_call_via_r3               0x001018cc   Section        2  init.o(i.__ARM_common_call_via_r3)
    i.__scatterload_copy                     0x001018d0   Section       24  handlers.o(i.__scatterload_copy)
    i.__scatterload_null                     0x001018e8   Section        4  handlers.o(i.__scatterload_null)
    i.__scatterload_zeroinit                 0x001018ec   Section       24  handlers.o(i.__scatterload_zeroinit)
    .constdata                               0x00101904   Section     3840  fixedsys.o(.constdata)
    .conststring                             0x00102804   Section        9  fixedsys.o(.conststring)
    .data                                    0x00200000   Section       14  uart_calculator.o(.data)
    .data                                    0x00200010   Section       12  fixedsys.o(.data)
    .data                                    0x0020001c   Section       20  lcd_ge8.o(.data)
    STACK                                    0x00200030   Section     1160  sam7.o(STACK)
    Stack_Top                                0x002004b8   Data           0  sam7.o(STACK)

    Global Symbols

    Symbol Name                              Value     Ov Type        Size  Object(Section)

    BuildAttributes$$THM_ISAv1$ARM_ISAv4$S$PE$A:L22$X:L11$S22$IEEE1$IW$USESV6$~STKCKD$USESV7$~SHL$OSPACE$EBA8$MICROLIB$REQ8$PRES8$EABIv2 0x00000000   Number         0  anon$$obj.o ABSOLUTE
    __ARM_use_no_argv                        0x00000000   Number         0  uart_calculator.o ABSOLUTE
    __decompress                              - Undefined Weak Reference
    Reset_Handler                            0x00100058   ARM Code       0  sam7.o(RESET)
    __main                                   0x00100144   ARM Code       0  entry.o(.ARM.Collect$$$$00000000)
    _main_stk                                0x00100144   ARM Code       0  entry2.o(.ARM.Collect$$$$00000001)
    _main_scatterload                        0x00100148   ARM Code       0  entry5.o(.ARM.Collect$$$$00000004)
    __main_after_scatterload                 0x0010014c   ARM Code       0  entry5.o(.ARM.Collect$$$$00000004)
    _main_init                               0x0010014c   ARM Code       0  entry7.o(.ARM.Collect$$$$00000007)
    Delay                                    0x0010015d   Thumb Code    10  uart_calculator.o(.text)
    f_red                                    0x00100167   Thumb Code    14  uart_calculator.o(.text)
    f_green                                  0x00100175   Thumb Code    14  uart_calculator.o(.text)
    f_blue                                   0x00100183   Thumb Code    16  uart_calculator.o(.text)
    f_yellow                                 0x00100193   Thumb Code    14  uart_calculator.o(.text)
    UART_PutChar                             0x001001a1   Thumb Code    34  uart_calculator.o(.text)
    UART_WriteString                         0x001001c3   Thumb Code    50  uart_calculator.o(.text)
    UART_ReadString                          0x001001f5   Thumb Code   124  uart_calculator.o(.text)
    printExpr                                0x00100271   Thumb Code    30  uart_calculator.o(.text)
    main                                     0x0010028f   Thumb Code   112  uart_calculator.o(.text)
    AT91F_PMC_CfgSysClkEnableRegister        0x0010031c   ARM Code       8  lib_at91sam7_pmc.o(.text)
    AT91F_PMC_CfgSysClkDisableRegister       0x00100324   ARM Code       8  lib_at91sam7_pmc.o(.text)
    AT91F_PMC_GetSysClkStatusRegister        0x0010032c   ARM Code       8  lib_at91sam7_pmc.o(.text)
    AT91F_PMC_EnablePeripheralClock          0x00100334   ARM Code       8  lib_at91sam7_pmc.o(.text)
    AT91F_PMC_DisablePeripheralClock         0x0010033c   ARM Code       8  lib_at91sam7_pmc.o(.text)
    AT91F_PMC_GetPeripheralClock             0x00100344   ARM Code       8  lib_at91sam7_pmc.o(.text)
    AT91F_CKGR_CfgMainOscillatorRegister     0x0010034c   ARM Code       8  lib_at91sam7_pmc.o(.text)
    AT91F_CKGR_GetMainOscillatorRegister     0x00100354   ARM Code       8  lib_at91sam7_pmc.o(.text)
    AT91F_CKGR_EnableMainOscillator          0x0010035c   ARM Code      16  lib_at91sam7_pmc.o(.text)
    AT91F_CKGR_DisableMainOscillator         0x0010036c   ARM Code      16  lib_at91sam7_pmc.o(.text)
    AT91F_CKGR_CfgMainOscStartUpTime         0x0010037c   ARM Code      52  lib_at91sam7_pmc.o(.text)
    AT91F_CKGR_GetMainClockFreqRegister      0x001003b0   ARM Code       8  lib_at91sam7_pmc.o(.text)
    AT91F_CKGR_GetMainClock                  0x001003b8   ARM Code      24  lib_at91sam7_pmc.o(.text)
    AT91F_PMC_CfgMCKRegister                 0x001003d0   ARM Code       8  lib_at91sam7_pmc.o(.text)
    AT91F_PMC_GetMCKRegister                 0x001003d8   ARM Code       8  lib_at91sam7_pmc.o(.text)
    AT91F_PMC_GetMasterClock                 0x001003e0   ARM Code     148  lib_at91sam7_pmc.o(.text)
    AT91F_PMC_EnablePCK                      0x00100474   ARM Code      28  lib_at91sam7_pmc.o(.text)
    AT91F_PMC_DisablePCK                     0x00100490   ARM Code      20  lib_at91sam7_pmc.o(.text)
    AT91F_PMC_EnableInterrupt                0x001004a4   ARM Code       8  lib_at91sam7_pmc.o(.text)
    AT91F_PMC_DisableInterrupt               0x001004ac   ARM Code       8  lib_at91sam7_pmc.o(.text)
    AT91F_PMC_GetStatus                      0x001004b4   ARM Code       8  lib_at91sam7_pmc.o(.text)
    AT91F_PMC_GetInterruptMaskStatus         0x001004bc   ARM Code       8  lib_at91sam7_pmc.o(.text)
    AT91F_PMC_IsInterruptMasked              0x001004c4   ARM Code      12  lib_at91sam7_pmc.o(.text)
    AT91F_PMC_IsStatusSet                    0x001004d0   ARM Code      12  lib_at91sam7_pmc.o(.text)
    AT91F_CKGR_CfgPLLRegister                0x001004dc   ARM Code       8  lib_at91sam7_pmc.o(.text)
    AT91F_CKGR_GetPLLRegister                0x001004e4   ARM Code       8  lib_at91sam7_pmc.o(.text)
    AT91F_PMC_CfgPMC                         0x001004ec   ARM Code      12  lib_at91sam7_pmc.o(.text)
    AT91F_PMC_CfgPIO                         0x001004f8   ARM Code      40  lib_at91sam7_pmc.o(.text)
    AT91F_PMC_GetPeripheralAddress           0x00100520   ARM Code       8  lib_at91sam7_pmc.o(.text)
    AT91F_US_Baudrate                        0x00100538   ARM Code      44  lib_at91sam7_usart.o(.text)
    AT91F_US_SetBaudrate                     0x00100564   ARM Code      32  lib_at91sam7_usart.o(.text)
    AT91F_US_SetTimeguard                    0x00100584   ARM Code       8  lib_at91sam7_usart.o(.text)
    AT91F_US_EnableInterrupt                 0x0010058c   ARM Code       8  lib_at91sam7_usart.o(.text)
    AT91F_US_DisableInterrupt                0x00100594   ARM Code       8  lib_at91sam7_usart.o(.text)
    AT91F_US_Configure                       0x0010059c   ARM Code      72  lib_at91sam7_usart.o(.text)
    AT91F_US_EnableRx                        0x001005e4   ARM Code      12  lib_at91sam7_usart.o(.text)
    AT91F_US_EnableTx                        0x001005f0   ARM Code      12  lib_at91sam7_usart.o(.text)
    AT91F_US_ResetRx                         0x001005fc   ARM Code      20  lib_at91sam7_usart.o(.text)
    AT91F_US_ResetTx                         0x00100610   ARM Code      20  lib_at91sam7_usart.o(.text)
    AT91F_US_DisableRx                       0x00100624   ARM Code      12  lib_at91sam7_usart.o(.text)
    AT91F_US_DisableTx                       0x00100630   ARM Code      12  lib_at91sam7_usart.o(.text)
    AT91F_US_Close                           0x0010063c   ARM Code      56  lib_at91sam7_usart.o(.text)
    AT91F_US_TxReady                         0x00100674   ARM Code      12  lib_at91sam7_usart.o(.text)
    AT91F_US_RxReady                         0x00100680   ARM Code      12  lib_at91sam7_usart.o(.text)
    AT91F_US_Error                           0x0010068c   ARM Code      12  lib_at91sam7_usart.o(.text)
    AT91F_US_PutChar                         0x00100698   ARM Code      16  lib_at91sam7_usart.o(.text)
    AT91F_US_GetChar                         0x001006a8   ARM Code      16  lib_at91sam7_usart.o(.text)
    AT91F_US_SendFrame                       0x001006b8   ARM Code      36  lib_at91sam7_usart.o(.text)
    AT91F_US_ReceiveFrame                    0x001006dc   ARM Code      36  lib_at91sam7_usart.o(.text)
    AT91F_US_SetIrdaFilter                   0x00100700   ARM Code       8  lib_at91sam7_usart.o(.text)
    AT91F_US1_CfgPMC                         0x00100708   ARM Code       8  lib_at91sam7_usart.o(.text)
    AT91F_US1_CfgPIO                         0x00100710   ARM Code      40  lib_at91sam7_usart.o(.text)
    AT91F_US0_CfgPMC                         0x00100738   ARM Code       8  lib_at91sam7_usart.o(.text)
    AT91F_US0_CfgPIO                         0x00100740   ARM Code      12  lib_at91sam7_usart.o(.text)
    AT91F_USART_PDC_GetPeripheralAddress     0x0010074c   ARM Code      20  lib_at91sam7_usart.o(.text)
    AT91F_USART_GetChannelAddress            0x00100760   ARM Code      28  lib_at91sam7_usart.o(.text)
    Inline Thumb to ARM Veneer to AT91F_LowLevel_Init 0x00100789   Thumb Code     4  lowlevelinit.o(.text)
    AT91F_LowLevel_Init                      0x0010078c   ARM Code      96  lowlevelinit.o(.text)
    AT91F_Finalize_Init                      0x001007ec   ARM Code      24  lowlevelinit.o(.text)
    Delaya                                   0x00100810   ARM Code      12  lcd_ge8.o(.text)
    Delay_                                   0x0010081c   ARM Code      12  lcd_ge8.o(.text)
    WriteSpiData                             0x00100828   ARM Code      32  lcd_ge8.o(.text)
    WriteSpiCommand                          0x00100848   ARM Code      32  lcd_ge8.o(.text)
    InitLCD                                  0x00100868   ARM Code     396  lcd_ge8.o(.text)
    Backlight                                0x001009f4   ARM Code      28  lcd_ge8.o(.text)
    SetContrast                              0x00100a10   ARM Code       4  lcd_ge8.o(.text)
    LCDShowImage130x130                      0x00100a14   ARM Code     140  lcd_ge8.o(.text)
    LCD_ClearScreen                          0x00100aa0   ARM Code     232  lcd_ge8.o(.text)
    LCDSetPixel                              0x00100b88   ARM Code     116  lcd_ge8.o(.text)
    LCDSetLine                               0x00100bfc   ARM Code     200  lcd_ge8.o(.text)
    LCDSetRect                               0x00100cc4   ARM Code     328  lcd_ge8.o(.text)
    LCDSetCircle                             0x00100e0c   ARM Code     316  lcd_ge8.o(.text)
    LCD_WriteChar                            0x00100f48   ARM Code     392  lcd_ge8.o(.text)
    LCD_WriteString                          0x001010d0   ARM Code      92  lcd_ge8.o(.text)
    AT91F_PDC_SetNextRx                      0x00101144   ARM Code      12  lib_at91sam7_pdc.o(.text)
    AT91F_PDC_SetNextTx                      0x00101150   ARM Code      12  lib_at91sam7_pdc.o(.text)
    AT91F_PDC_SetRx                          0x0010115c   ARM Code      12  lib_at91sam7_pdc.o(.text)
    AT91F_PDC_SetTx                          0x00101168   ARM Code      12  lib_at91sam7_pdc.o(.text)
    AT91F_PDC_EnableTx                       0x00101174   ARM Code      12  lib_at91sam7_pdc.o(.text)
    AT91F_PDC_EnableRx                       0x00101180   ARM Code      12  lib_at91sam7_pdc.o(.text)
    AT91F_PDC_DisableTx                      0x0010118c   ARM Code      12  lib_at91sam7_pdc.o(.text)
    AT91F_PDC_DisableRx                      0x00101198   ARM Code      12  lib_at91sam7_pdc.o(.text)
    AT91F_PDC_IsTxEmpty                      0x001011a4   ARM Code      16  lib_at91sam7_pdc.o(.text)
    AT91F_PDC_IsNextTxEmpty                  0x001011b4   ARM Code      16  lib_at91sam7_pdc.o(.text)
    AT91F_PDC_IsRxEmpty                      0x001011c4   ARM Code      16  lib_at91sam7_pdc.o(.text)
    AT91F_PDC_IsNextRxEmpty                  0x001011d4   ARM Code      16  lib_at91sam7_pdc.o(.text)
    AT91F_PDC_Open                           0x001011e4   ARM Code      72  lib_at91sam7_pdc.o(.text)
    AT91F_PDC_Close                          0x0010122c   ARM Code      56  lib_at91sam7_pdc.o(.text)
    AT91F_PDC_SendFrame                      0x00101264   ARM Code      76  lib_at91sam7_pdc.o(.text)
    AT91F_PDC_ReceiveFrame                   0x001012b0   ARM Code      76  lib_at91sam7_pdc.o(.text)
    AT91F_PIO_CfgPeripheral                  0x001012fc   ARM Code      20  lib_at91sam7_pio.o(.text)
    AT91F_PIO_CfgOutput                      0x00101310   ARM Code      12  lib_at91sam7_pio.o(.text)
    AT91F_PIO_CfgInput                       0x0010131c   ARM Code       8  lib_at91sam7_pio.o(.text)
    AT91F_PIO_CfgOpenDrain                   0x00101324   ARM Code      16  lib_at91sam7_pio.o(.text)
    AT91F_PIO_CfgPullup                      0x00101334   ARM Code      16  lib_at91sam7_pio.o(.text)
    AT91F_PIO_DisablePullup                  0x00101344   ARM Code       8  lib_at91sam7_pio.o(.text)
    AT91F_PIO_CfgDirectDrive                 0x0010134c   ARM Code      16  lib_at91sam7_pio.o(.text)
    AT91F_PIO_CfgInputFilter                 0x0010135c   ARM Code      16  lib_at91sam7_pio.o(.text)
    AT91F_PIO_GetInput                       0x0010136c   ARM Code       8  lib_at91sam7_pio.o(.text)
    AT91F_PIO_IsInputSet                     0x00101374   ARM Code      12  lib_at91sam7_pio.o(.text)
    AT91F_PIO_SetOutput                      0x00101380   ARM Code       8  lib_at91sam7_pio.o(.text)
    AT91F_PIO_ClearOutput                    0x00101388   ARM Code       8  lib_at91sam7_pio.o(.text)
    AT91F_PIO_ForceOutput                    0x00101390   ARM Code       8  lib_at91sam7_pio.o(.text)
    AT91F_PIO_Enable                         0x00101398   ARM Code       8  lib_at91sam7_pio.o(.text)
    AT91F_PIO_Disable                        0x001013a0   ARM Code       8  lib_at91sam7_pio.o(.text)
    AT91F_PIO_GetStatus                      0x001013a8   ARM Code       8  lib_at91sam7_pio.o(.text)
    AT91F_PIO_IsSet                          0x001013b0   ARM Code      12  lib_at91sam7_pio.o(.text)
    AT91F_PIO_OutputEnable                   0x001013bc   ARM Code       8  lib_at91sam7_pio.o(.text)
    AT91F_PIO_OutputDisable                  0x001013c4   ARM Code       8  lib_at91sam7_pio.o(.text)
    AT91F_PIO_GetOutputStatus                0x001013cc   ARM Code       8  lib_at91sam7_pio.o(.text)
    AT91F_PIO_IsOutputSet                    0x001013d4   ARM Code      12  lib_at91sam7_pio.o(.text)
    AT91F_PIO_InputFilterEnable              0x001013e0   ARM Code       8  lib_at91sam7_pio.o(.text)
    AT91F_PIO_InputFilterDisable             0x001013e8   ARM Code       8  lib_at91sam7_pio.o(.text)
    AT91F_PIO_GetInputFilterStatus           0x001013f0   ARM Code       8  lib_at91sam7_pio.o(.text)
    AT91F_PIO_IsInputFilterSet               0x001013f8   ARM Code      12  lib_at91sam7_pio.o(.text)
    AT91F_PIO_GetOutputDataStatus            0x00101404   ARM Code       8  lib_at91sam7_pio.o(.text)
    AT91F_PIO_InterruptEnable                0x0010140c   ARM Code       8  lib_at91sam7_pio.o(.text)
    AT91F_PIO_InterruptDisable               0x00101414   ARM Code       8  lib_at91sam7_pio.o(.text)
    AT91F_PIO_GetInterruptMaskStatus         0x0010141c   ARM Code       8  lib_at91sam7_pio.o(.text)
    AT91F_PIO_GetInterruptStatus             0x00101424   ARM Code       8  lib_at91sam7_pio.o(.text)
    AT91F_PIO_IsInterruptMasked              0x0010142c   ARM Code      12  lib_at91sam7_pio.o(.text)
    AT91F_PIO_IsInterruptSet                 0x00101438   ARM Code      12  lib_at91sam7_pio.o(.text)
    AT91F_PIO_MultiDriverEnable              0x00101444   ARM Code       8  lib_at91sam7_pio.o(.text)
    AT91F_PIO_MultiDriverDisable             0x0010144c   ARM Code       8  lib_at91sam7_pio.o(.text)
    AT91F_PIO_GetMultiDriverStatus           0x00101454   ARM Code       8  lib_at91sam7_pio.o(.text)
    AT91F_PIO_IsMultiDriverSet               0x0010145c   ARM Code      12  lib_at91sam7_pio.o(.text)
    AT91F_PIO_A_RegisterSelection            0x00101468   ARM Code       8  lib_at91sam7_pio.o(.text)
    AT91F_PIO_B_RegisterSelection            0x00101470   ARM Code       8  lib_at91sam7_pio.o(.text)
    AT91F_PIO_Get_AB_RegisterStatus          0x00101478   ARM Code       8  lib_at91sam7_pio.o(.text)
    AT91F_PIO_IsAB_RegisterSet               0x00101480   ARM Code      12  lib_at91sam7_pio.o(.text)
    AT91F_PIO_OutputWriteEnable              0x0010148c   ARM Code       8  lib_at91sam7_pio.o(.text)
    AT91F_PIO_OutputWriteDisable             0x00101494   ARM Code       8  lib_at91sam7_pio.o(.text)
    AT91F_PIO_GetOutputWriteStatus           0x0010149c   ARM Code       8  lib_at91sam7_pio.o(.text)
    AT91F_PIO_IsOutputWriteSet               0x001014a4   ARM Code      12  lib_at91sam7_pio.o(.text)
    AT91F_PIO_GetCfgPullup                   0x001014b0   ARM Code       8  lib_at91sam7_pio.o(.text)
    AT91F_PIO_IsOutputDataStatusSet          0x001014b8   ARM Code      12  lib_at91sam7_pio.o(.text)
    AT91F_PIO_IsCfgPullupStatusSet           0x001014c4   ARM Code      12  lib_at91sam7_pio.o(.text)
    AT91F_PIOA_CfgPMC                        0x001014d0   ARM Code       8  lib_at91sam7_pio.o(.text)
    AT91F_PIOB_CfgPMC                        0x001014d8   ARM Code       8  lib_at91sam7_pio.o(.text)
    AT91F_PIO_GetPeripheralAddress           0x001014e0   ARM Code      28  lib_at91sam7_pio.o(.text)
    AT91F_SPI_CfgCs                          0x00101504   ARM Code      12  lib_at91sam7_spi.o(.text)
    AT91F_SPI_EnableInterrupt                0x00101510   ARM Code       8  lib_at91sam7_spi.o(.text)
    AT91F_SPI_DisableInterrupt               0x00101518   ARM Code       8  lib_at91sam7_spi.o(.text)
    AT91F_SPI_Reset                          0x00101520   ARM Code      12  lib_at91sam7_spi.o(.text)
    AT91F_SPI_Enable                         0x0010152c   ARM Code      12  lib_at91sam7_spi.o(.text)
    AT91F_SPI_Disable                        0x00101538   ARM Code      12  lib_at91sam7_spi.o(.text)
    AT91F_SPI_CfgMode                        0x00101544   ARM Code       8  lib_at91sam7_spi.o(.text)
    AT91F_SPI_CfgPCS                         0x0010154c   ARM Code      36  lib_at91sam7_spi.o(.text)
    AT91F_SPI_ReceiveFrame                   0x00101570   ARM Code      36  lib_at91sam7_spi.o(.text)
    AT91F_SPI_SendFrame                      0x00101594   ARM Code      36  lib_at91sam7_spi.o(.text)
    AT91F_SPI_Close                          0x001015b8   ARM Code      64  lib_at91sam7_spi.o(.text)
    AT91F_SPI_PutChar                        0x001015f8   ARM Code      36  lib_at91sam7_spi.o(.text)
    AT91F_SPI_GetChar                        0x0010161c   ARM Code      16  lib_at91sam7_spi.o(.text)
    AT91F_SPI_GetInterruptMaskStatus         0x0010162c   ARM Code       8  lib_at91sam7_spi.o(.text)
    AT91F_SPI_IsInterruptMasked              0x00101634   ARM Code      12  lib_at91sam7_spi.o(.text)
    AT91F_SPI_GetStatus                      0x00101640   ARM Code       8  lib_at91sam7_spi.o(.text)
    AT91F_SPI_IsStatusMasked                 0x00101648   ARM Code      12  lib_at91sam7_spi.o(.text)
    AT91F_SPI1_CfgPMC                        0x00101654   ARM Code       8  lib_at91sam7_spi.o(.text)
    AT91F_SPI1_CfgPIO                        0x0010165c   ARM Code      40  lib_at91sam7_spi.o(.text)
    AT91F_SPI0_CfgPMC                        0x00101684   ARM Code       8  lib_at91sam7_spi.o(.text)
    AT91F_SPI0_CfgPIO                        0x0010168c   ARM Code      40  lib_at91sam7_spi.o(.text)
    AT91F_SPI_WriteCommand                   0x001016b4   ARM Code      20  lib_at91sam7_spi.o(.text)
    AT91F_SPI_WriteData                      0x001016c8   ARM Code      20  lib_at91sam7_spi.o(.text)
    AT91F_SPI_ReadData                       0x001016dc   ARM Code      96  lib_at91sam7_spi.o(.text)
    AT91F_SPI_GetPeripheralAddress           0x0010173c   ARM Code      28  lib_at91sam7_spi.o(.text)
    AT91F_SPI_Init                           0x00101758   ARM Code      96  lib_at91sam7_spi.o(.text)
    AT91F_SPI_PDC_GetPeripheralAddress       0x001017b8   ARM Code      28  lib_at91sam7_spi.o(.text)
    Inline ARM to Thumb Veneer to __aeabi_uidivmod 0x001017ec   ARM Code       8  uidiv.o(.text)
    __aeabi_uidiv                            0x001017f5   Thumb Code     0  uidiv.o(.text)
    __aeabi_uidivmod                         0x001017f5   Thumb Code    46  uidiv.o(.text)
    strlen                                   0x00101823   Thumb Code    16  strlen.o(.text)
    Inline ARM to Thumb Veneer to __scatterload 0x00101834   ARM Code       8  init.o(.text)
    __scatterload                            0x0010183d   Thumb Code    24  init.o(.text)
    __scatterload_rt2                        0x0010183d   Thumb Code     0  init.o(.text)
    Short Thumb to ARM Veneer to LCD_ClearScreen 0x0010185d   Thumb Code     8  anon$$obj.o(Veneer$$Code)
    Short Thumb to ARM Veneer to AT91F_US_TxReady 0x00101865   Thumb Code     8  anon$$obj.o(Veneer$$Code)
    Short Thumb to ARM Veneer to AT91F_US_PutChar 0x0010186d   Thumb Code     8  anon$$obj.o(Veneer$$Code)
    Short Thumb to ARM Veneer to AT91F_US_RxReady 0x00101875   Thumb Code     8  anon$$obj.o(Veneer$$Code)
    Short Thumb to ARM Veneer to AT91F_US_GetChar 0x0010187d   Thumb Code     8  anon$$obj.o(Veneer$$Code)
    Short Thumb to ARM Veneer to LCD_WriteString 0x00101885   Thumb Code     8  anon$$obj.o(Veneer$$Code)
    Short Thumb to ARM Veneer to InitLCD     0x0010188d   Thumb Code     8  anon$$obj.o(Veneer$$Code)
    Short Thumb to ARM Veneer to AT91F_US_Configure 0x00101895   Thumb Code     8  anon$$obj.o(Veneer$$Code)
    Short Thumb to ARM Veneer to AT91F_PMC_EnablePeripheralClock 0x0010189d   Thumb Code     8  anon$$obj.o(Veneer$$Code)
    Short Thumb to ARM Veneer to AT91F_US1_CfgPMC 0x001018a5   Thumb Code     8  anon$$obj.o(Veneer$$Code)
    Short Thumb to ARM Veneer to AT91F_US1_CfgPIO 0x001018ad   Thumb Code     8  anon$$obj.o(Veneer$$Code)
    Short Thumb to ARM Veneer to AT91F_US_EnableRx 0x001018b5   Thumb Code     8  anon$$obj.o(Veneer$$Code)
    Short Thumb to ARM Veneer to AT91F_US_EnableTx 0x001018bd   Thumb Code     8  anon$$obj.o(Veneer$$Code)
    Short Thumb to ARM Veneer to __main_after_scatterload 0x001018c5   Thumb Code     8  anon$$obj.o(Veneer$$Code)
    __ARM_common_call_via_r3                 0x001018cd   Thumb Code     2  init.o(i.__ARM_common_call_via_r3)
    __scatterload_copy                       0x001018d0   ARM Code      24  handlers.o(i.__scatterload_copy)
    __scatterload_null                       0x001018e8   ARM Code       4  handlers.o(i.__scatterload_null)
    __scatterload_zeroinit                   0x001018ec   ARM Code      24  handlers.o(i.__scatterload_zeroinit)
    Fixedsys                                 0x00101904   Data        3840  fixedsys.o(.constdata)
    Region$$Table$$Base                      0x00102810   Number         0  anon$$obj.o(Region$$Table)
    Region$$Table$$Limit                     0x00102830   Number         0  anon$$obj.o(Region$$Table)
    pPioA                                    0x00200000   Data           4  uart_calculator.o(.data)
    pPMC                                     0x00200004   Data           4  uart_calculator.o(.data)
    pUART1                                   0x00200008   Data           4  uart_calculator.o(.data)
    bckgColor                                0x0020000c   Data           2  uart_calculator.o(.data)
    Fixedsys_descriptor                      0x00200010   Data          12  fixedsys.o(.data)
    l_pPioA                                  0x0020001c   Data           4  lcd_ge8.o(.data)
    l_pPioB                                  0x00200020   Data           4  lcd_ge8.o(.data)
    l_pSpi                                   0x00200024   Data           4  lcd_ge8.o(.data)
    l_pPMC                                   0x00200028   Data           4  lcd_ge8.o(.data)
    j                                        0x0020002c   Data           4  lcd_ge8.o(.data)
    __initial_sp                             0x00200430   Data         136  sam7.o(STACK)



==============================================================================

Memory Map of the image

  Image Entry point : 0x00100144

  Load Region LR_IROM1 (Base: 0x00100000, Size: 0x00002860, Max: 0x00040000, ABSOLUTE)

    Execution Region ER_IROM1 (Base: 0x00100000, Size: 0x00002830, Max: 0x00040000, ABSOLUTE)

    Base Addr    Size         Type   Attr      Idx    E Section Name        Object

    0x00100000   0x00000144   Code   RO            3    RESET               sam7.o
    0x00100144   0x00000000   Code   RO          213  * .ARM.Collect$$$$00000000  entry.o(mc_t.l)
    0x00100144   0x00000004   Code   RO          220    .ARM.Collect$$$$00000001  entry2.o(mc_t.l)
    0x00100148   0x00000004   Code   RO          222    .ARM.Collect$$$$00000004  entry5.o(mc_t.l)
    0x0010014c   0x0000000c   Code   RO          223    .ARM.Collect$$$$00000007  entry7.o(mc_t.l)
    0x00100158   0x00000004   Code   RO          221    .ARM.Collect$$$$00002712  entry2.o(mc_t.l)
    0x0010015c   0x000001c0   Code   RO            8    .text               uart_calculator.o
    0x0010031c   0x0000021c   Code   RO           62    .text               lib_at91sam7_pmc.o(LIB_AT91SAM7.lib)
    0x00100538   0x00000250   Code   RO           87    .text               lib_at91sam7_usart.o(LIB_AT91SAM7.lib)
    0x00100788   0x00000004   Ven    RO          106    .text               lowlevelinit.o(LIB_AT91SAM7.lib)
    0x0010078c   0x00000084   Code   RO          106    .text               lowlevelinit.o(LIB_AT91SAM7.lib)
    0x00100810   0x00000934   Code   RO          144    .text               lcd_ge8.o(LIB_AT91SAM7.lib)
    0x00101144   0x000001b8   Code   RO          171    .text               lib_at91sam7_pdc.o(LIB_AT91SAM7.lib)
    0x001012fc   0x00000208   Code   RO          184    .text               lib_at91sam7_pio.o(LIB_AT91SAM7.lib)
    0x00101504   0x000002e8   Code   RO          197    .text               lib_at91sam7_spi.o(LIB_AT91SAM7.lib)
    0x001017ec   0x00000008   Ven    RO          216    .text               uidiv.o(mc_t.l)
    0x001017f4   0x0000002e   Code   RO          216    .text               uidiv.o(mc_t.l)
    0x00101822   0x00000010   Code   RO          218    .text               strlen.o(mc_t.l)
    0x00101832   0x00000002   PAD
    0x00101834   0x00000008   Ven    RO          224    .text               init.o(mc_t.l)
    0x0010183c   0x00000020   Code   RO          224    .text               init.o(mc_t.l)
    0x0010185c   0x00000008   Ven    RO          239    Veneer$$Code        anon$$obj.o
    0x00101864   0x00000008   Ven    RO          240    Veneer$$Code        anon$$obj.o
    0x0010186c   0x00000008   Ven    RO          241    Veneer$$Code        anon$$obj.o
    0x00101874   0x00000008   Ven    RO          242    Veneer$$Code        anon$$obj.o
    0x0010187c   0x00000008   Ven    RO          243    Veneer$$Code        anon$$obj.o
    0x00101884   0x00000008   Ven    RO          244    Veneer$$Code        anon$$obj.o
    0x0010188c   0x00000008   Ven    RO          245    Veneer$$Code        anon$$obj.o
    0x00101894   0x00000008   Ven    RO          246    Veneer$$Code        anon$$obj.o
    0x0010189c   0x00000008   Ven    RO          247    Veneer$$Code        anon$$obj.o
    0x001018a4   0x00000008   Ven    RO          248    Veneer$$Code        anon$$obj.o
    0x001018ac   0x00000008   Ven    RO          249    Veneer$$Code        anon$$obj.o
    0x001018b4   0x00000008   Ven    RO          250    Veneer$$Code        anon$$obj.o
    0x001018bc   0x00000008   Ven    RO          251    Veneer$$Code        anon$$obj.o
    0x001018c4   0x00000008   Ven    RO          252    Veneer$$Code        anon$$obj.o
    0x001018cc   0x00000002   Code   RO          226    i.__ARM_common_call_via_r3  init.o(mc_t.l)
    0x001018ce   0x00000002   PAD
    0x001018d0   0x00000018   Code   RO          230    i.__scatterload_copy  handlers.o(mc_t.l)
    0x001018e8   0x00000004   Code   RO          231    i.__scatterload_null  handlers.o(mc_t.l)
    0x001018ec   0x00000018   Code   RO          232    i.__scatterload_zeroinit  handlers.o(mc_t.l)
    0x00101904   0x00000f00   Data   RO          127    .constdata          fixedsys.o(LIB_AT91SAM7.lib)
    0x00102804   0x00000009   Data   RO          128    .conststring        fixedsys.o(LIB_AT91SAM7.lib)
    0x0010280d   0x00000003   PAD
    0x00102810   0x00000020   Data   RO          228    Region$$Table       anon$$obj.o


    Execution Region RW_IRAM1 (Base: 0x00200000, Size: 0x000004b8, Max: 0x00010000, ABSOLUTE)

    Base Addr    Size         Type   Attr      Idx    E Section Name        Object

    0x00200000   0x0000000e   Data   RW            9    .data               uart_calculator.o
    0x0020000e   0x00000002   PAD
    0x00200010   0x0000000c   Data   RW          129    .data               fixedsys.o(LIB_AT91SAM7.lib)
    0x0020001c   0x00000014   Data   RW          145    .data               lcd_ge8.o(LIB_AT91SAM7.lib)
    0x00200030   0x00000488   Zero   RW            1    STACK               sam7.o


==============================================================================

Image component sizes


      Code (inc. data)   RO Data    RW Data    ZI Data      Debug   Object Name

       324         68          0          0       1160        276   sam7.o
       448         30          0         14          0      79037   uart_calculator.o

    ----------------------------------------------------------------------
       884         98         32         16       1160      79313   Object Totals
       112          0         32          0          0          0   (incl. Generated)
         0          0          0          2          0          1   (incl. Padding)

    ----------------------------------------------------------------------

      Code (inc. data)   RO Data    RW Data    ZI Data      Debug   Library Member Name

         0          0          0          0          0          0   entry.o
         8          4          0          0          0          0   entry2.o
         4          0          0          0          0          0   entry5.o
        12          4          0          0          0          0   entry7.o
         0          0       3849         12          0        983   fixedsys.o
        52          0          0          0          0          0   handlers.o
        42          8          0          0          0        136   init.o
      2356         24          0         20          0       8661   lcd_ge8.o
       440          0          0          0          0       5092   lib_at91sam7_pdc.o
       520          8          0          0          0      11109   lib_at91sam7_pio.o
       540         16          0          0          0      80974   lib_at91sam7_pmc.o
       744         24          0          0          0       7607   lib_at91sam7_spi.o
       592         12          0          0          0       7420   lib_at91sam7_usart.o
       136         12          0          0          0      74350   lowlevelinit.o
        16          0          0          0          0         60   strlen.o
        54          0          0          0          0         72   uidiv.o

    ----------------------------------------------------------------------
      5520        112       3852         32          0     196464   Library Totals
         4          0          3          0          0          0   (incl. Padding)

    ----------------------------------------------------------------------

      Code (inc. data)   RO Data    RW Data    ZI Data      Debug   Library Name

      5328         96       3849         32          0     196196   LIB_AT91SAM7.lib
       188         16          0          0          0        268   mc_t.l

    ----------------------------------------------------------------------
      5520        112       3852         32          0     196464   Library Totals

    ----------------------------------------------------------------------

==============================================================================


      Code (inc. data)   RO Data    RW Data    ZI Data      Debug   

      6404        210       3884         48       1160     274628   Grand Totals
      6404        210       3884         48       1160     274628   ELF Image Totals
      6404        210       3884         48          0          0   ROM Totals

==============================================================================

    Total RO  Size (Code + RO Data)                10288 (  10.05kB)
    Total RW  Size (RW Data + ZI Data)              1208 (   1.18kB)
    Total ROM Size (Code + RO Data + RW Data)      10336 (  10.09kB)

==============================================================================

