<html>
<body>
<pre>
<h1>µVision3 Build Log</h1>
<h2>Project:</h2>
C:\embedded\VMKS2015\KeilProject_v0.02\P01_MyEmpty.uv2
Project File Date:  04/12/2016

<h2>Output:</h2>
Build Project 'P01_MyEmpty' - Target 'P01_MyEmpty'
compiling MyEmpty.c...
P01_MyEmpty\MyEmpty.c(48): warning:  #111-D: statement is unreachable
P01_MyEmpty\MyEmpty.c(14): warning:  #177-D: variable "msg" was declared but never referenced
linking...
Program Size: Code=5432 RO-data=3884 RW-data=32 ZI-data=1160  
".\obj\P01\P01_MyEmpty.axf" - 0 Error(s), 2 Warning(s).
Load "C:\\embedded\\VMKS2015\\KeilProject_v0.02\\obj\\P01\\P01_MyEmpty.AXF" 
VTarget = 0.000V
***JLink Error: Supply voltage too low (1 Volt is required, Measured: 0.0 Volt).
Please check target power.
DLL version V4.80f, compiled Feb  5 2014 10:36:54
Firmware: J-Link ARM V8 compiled Nov 28 2014 13:44:46
Hardware: V8.00
Info: Device "AT91SAM7X256" selected (256 KB flash, 64 KB RAM).
JTAG speed: 1000 kHz
Erase Failed!
Load "C:\\embedded\\VMKS2015\\KeilProject_v0.02\\obj\\P01\\P01_MyEmpty.AXF" 
VTarget = 3.267V
Info: TotalIRLen = 4, IRPrint = 0x01
Info: Adaptive clocking not supported for selected CPU core. Only supported for -S cores.
Info: Auto JTAG speed: 8000 kHz
DLL version V4.80f, compiled Feb  5 2014 10:36:54
Firmware: J-Link ARM V8 compiled Nov 28 2014 13:44:46
Hardware: V8.00
Hardware-Breakpoints: 2
Software-Breakpoints: 8192
Watchpoints:          0
Found 1 JTAG device, Total IRLen = 4:
 Id of device #0: 0x3F0F0F0F
ARM7 identified.
JTAG speed: 8000 kHz
Info: Device "AT91SAM7X256" selected (256 KB flash, 64 KB RAM).
JTAG speed: 1000 kHz
Erase Done.
Programming Done.
Verify OK.
Load "C:\\embedded\\VMKS2015\\KeilProject_v0.02\\obj\\P01\\P01_MyEmpty.AXF" 
VTarget = 3.267V
Info: TotalIRLen = 4, IRPrint = 0x01
Info: Adaptive clocking not supported for selected CPU core. Only supported for -S cores.
Info: Auto JTAG speed: 8000 kHz
DLL version V4.80f, compiled Feb  5 2014 10:36:54
Firmware: J-Link ARM V8 compiled Nov 28 2014 13:44:46
Hardware: V8.00
Hardware-Breakpoints: 2
Software-Breakpoints: 8192
Watchpoints:          0
Found 1 JTAG device, Total IRLen = 4:
 Id of device #0: 0x3F0F0F0F
ARM7 identified.
JTAG speed: 8000 kHz
Info: Device "AT91SAM7X256" selected (256 KB flash, 64 KB RAM).
JTAG speed: 1000 kHz
Erase Done.
Programming Done.
Verify OK.
Build Project 'P01_MyEmpty' - Target 'P01_MyEmpty'
linking...
Program Size: Code=5432 RO-data=3884 RW-data=32 ZI-data=1160  
".\obj\P01\P01_MyEmpty.axf" - 0 Error(s), 0 Warning(s).
Build Project 'P01_MyEmpty' - Target 'P01_MyEmpty'
linking...
Program Size: Code=5432 RO-data=3884 RW-data=32 ZI-data=1160  
".\obj\P01\P01_MyEmpty.axf" - 0 Error(s), 0 Warning(s).
Build Project 'P01_MyEmpty' - Target 'P01_MyEmpty'
linking...
Program Size: Code=5432 RO-data=3884 RW-data=32 ZI-data=1160  
".\obj\P01\P01_MyEmpty.axf" - 0 Error(s), 0 Warning(s).
Load "C:\\embedded\\VMKS2015\\KeilProject_v0.02\\obj\\P01\\P01_MyEmpty.AXF" 
VTarget = 0.000V
***JLink Error: Supply voltage too low (1 Volt is required, Measured: 0.0 Volt).
Please check target power.
DLL version V4.80f, compiled Feb  5 2014 10:36:54
Firmware: J-Link ARM V8 compiled Nov 28 2014 13:44:46
Hardware: V8.00
Info: Device "AT91SAM7X256" selected (256 KB flash, 64 KB RAM).
JTAG speed: 1000 kHz
Erase Failed!
Load "C:\\embedded\\VMKS2015\\KeilProject_v0.02\\obj\\P01\\P01_MyEmpty.AXF" 
VTarget = 3.267V
Info: TotalIRLen = 4, IRPrint = 0x01
Info: Adaptive clocking not supported for selected CPU core. Only supported for -S cores.
Info: Auto JTAG speed: 8000 kHz
DLL version V4.80f, compiled Feb  5 2014 10:36:54
Firmware: J-Link ARM V8 compiled Nov 28 2014 13:44:46
Hardware: V8.00
Hardware-Breakpoints: 2
Software-Breakpoints: 8192
Watchpoints:          0
Found 1 JTAG device, Total IRLen = 4:
 Id of device #0: 0x3F0F0F0F
ARM7 identified.
JTAG speed: 8000 kHz
Info: Device "AT91SAM7X256" selected (256 KB flash, 64 KB RAM).
JTAG speed: 1000 kHz
Erase Done.
Programming Done.
Verify OK.
