<!doctype html public "-//w3c//dtd html 4.0 transitional//en">
<html><head>
<title>Static Call Graph - [.\obj\P01\P01_MyEmpty.axf]</title></head>
<body><HR>
<H1>Static Call Graph for image .\obj\P01\P01_MyEmpty.axf</H1><HR>
<BR><P>#&#060CALLGRAPH&#062# ARM Linker, RVCT4.0 [Build 524]: Last Updated: Sun Apr 17 00:15:05 2016
<BR><P>
<H3>Maximum Stack Usage =        120 bytes + Unknown(Functions without stacksize, Cycles, Untraceable Function Pointers)</H3><H3>
Call chain for Maximum Stack Depth:</H3>
main &rArr; LCD_WriteString &rArr; LCD_WriteChar
<P>
<H3>
Functions with no stack information
</H3><UL>
 <LI><a href="#[1fb7658]">Reset_Handler</a>
 <LI><a href="#[1fb78b0]">Undef_Handler</a>
 <LI><a href="#[1fb7874]">SWI_Handler</a>
 <LI><a href="#[1fb7838]">PAbt_Handler</a>
 <LI><a href="#[1fb77fc]">DAbt_Handler</a>
 <LI><a href="#[1fb77c0]">IRQ_Handler</a>
 <LI><a href="#[1fb7784]">FIQ_Handler</a>
</UL>
</UL>
<P>
<H3>
Mutually Recursive functions
</H3> <LI><a href="#[1fb78b0]">Undef_Handler</a>&nbsp;&nbsp;&nbsp;&rArr;&nbsp;&nbsp;&nbsp;<a href="#[1fb78b0]">Undef_Handler</a><BR>
 <LI><a href="#[1fb7874]">SWI_Handler</a>&nbsp;&nbsp;&nbsp;&rArr;&nbsp;&nbsp;&nbsp;<a href="#[1fb7874]">SWI_Handler</a><BR>
 <LI><a href="#[1fb7838]">PAbt_Handler</a>&nbsp;&nbsp;&nbsp;&rArr;&nbsp;&nbsp;&nbsp;<a href="#[1fb7838]">PAbt_Handler</a><BR>
 <LI><a href="#[1fb77fc]">DAbt_Handler</a>&nbsp;&nbsp;&nbsp;&rArr;&nbsp;&nbsp;&nbsp;<a href="#[1fb77fc]">DAbt_Handler</a><BR>
 <LI><a href="#[1fb77c0]">IRQ_Handler</a>&nbsp;&nbsp;&nbsp;&rArr;&nbsp;&nbsp;&nbsp;<a href="#[1fb77c0]">IRQ_Handler</a><BR>
 <LI><a href="#[1fb7784]">FIQ_Handler</a>&nbsp;&nbsp;&nbsp;&rArr;&nbsp;&nbsp;&nbsp;<a href="#[1fb7784]">FIQ_Handler</a><BR>
</UL>
<P>
<H3>
Function Pointers
</H3><UL>
 <LI><a href="#[1fb7658]">Reset_Handler</a>
 <LI><a href="#[1fb78b0]">Undef_Handler</a>
 <LI><a href="#[1fb7874]">SWI_Handler</a>
 <LI><a href="#[1fb7838]">PAbt_Handler</a>
 <LI><a href="#[1fb77fc]">DAbt_Handler</a>
 <LI><a href="#[1fb77c0]">IRQ_Handler</a>
 <LI><a href="#[1fb7784]">FIQ_Handler</a>
 <LI><a href="#[1fb2018]">__main</a>
 <LI><a href="#[1fb6a64]">main</a>
</UL>
<P>
<H3>
Global Symbols
</H3>
<P><STRONG><a name="[1fb7658]"></a>Reset_Handler</STRONG> (ARM, 0 bytes, Stack size unknown bytes, sam7.o(RESET))
<BR>[Address Reference Count : 1]<UL><LI> sam7.o(RESET)
</UL>
<P><STRONG><a name="[1fb2018]"></a>__main</STRONG> (ARM, 0 bytes, Stack size unknown bytes, entry.o(.ARM.Collect$$$$00000000))

<P><STRONG><a name="[1fb1be0]"></a>_main_stk</STRONG> (ARM, 0 bytes, Stack size unknown bytes, entry2.o(.ARM.Collect$$$$00000001))

<P><STRONG><a name="[1fb1af0]"></a>_main_scatterload</STRONG> (ARM, 0 bytes, Stack size unknown bytes, entry5.o(.ARM.Collect$$$$00000004))
<BR><BR>[Calls]<UL><LI><a href="#[1fb1820]">&gt;&gt;</a>&nbsp;&nbsp;&nbsp;__scatterload (via Veneer)
</UL>

<P><STRONG><a name="[1fb1ab4]"></a>__main_after_scatterload</STRONG> (ARM, 0 bytes, Stack size unknown bytes, entry5.o(.ARM.Collect$$$$00000004))
<BR><BR>[Called By]<UL><LI><a href="#[1fb1820]">&gt;&gt;</a>&nbsp;&nbsp;&nbsp;__scatterload (via Veneer)
</UL>

<P><STRONG><a name="[1fb19c4]"></a>_main_init</STRONG> (ARM, 0 bytes, Stack size unknown bytes, entry7.o(.ARM.Collect$$$$00000007))

<P><STRONG><a name="[1fb6aa0]"></a>Delay</STRONG> (ARM, 12 bytes, Stack size 0 bytes, myempty.o(.text), UNUSED)
<BR><BR>[Calls]<UL><LI><a href="#[1fb6aa0]">&gt;&gt;</a>&nbsp;&nbsp;&nbsp;Delay
</UL>
<BR>[Called By]<UL><LI><a href="#[1fb6aa0]">&gt;&gt;</a>&nbsp;&nbsp;&nbsp;Delay
</UL>

<P><STRONG><a name="[1fb6a64]"></a>main</STRONG> (ARM, 124 bytes, Stack size 16 bytes, myempty.o(.text))
<BR><BR>[Stack]<UL><LI>Max Depth = 120<LI>Call Chain = main &rArr; LCD_WriteString &rArr; LCD_WriteChar
</UL>
<BR>[Calls]<UL><LI><a href="#[1fb6938]">&gt;&gt;</a>&nbsp;&nbsp;&nbsp;LCD_WriteString
<LI><a href="#[1fb6974]">&gt;&gt;</a>&nbsp;&nbsp;&nbsp;LCD_ClearScreen
<LI><a href="#[1fb69b0]">&gt;&gt;</a>&nbsp;&nbsp;&nbsp;InitLCD
<LI><a href="#[1fb6a28]">&gt;&gt;</a>&nbsp;&nbsp;&nbsp;AT91F_LowLevel_Init
</UL>
<BR>[Address Reference Count : 1]<UL><LI> entry7.o(.ARM.Collect$$$$00000007)
</UL>
<P><STRONG><a name="[1fb6a28]"></a>AT91F_LowLevel_Init</STRONG> (ARM, 96 bytes, Stack size 8 bytes, lowlevelinit.o(.text))
<BR><BR>[Stack]<UL><LI>Max Depth = 8<LI>Call Chain = AT91F_LowLevel_Init
</UL>
<BR>[Calls]<UL><LI><a href="#[1fb6230]">&gt;&gt;</a>&nbsp;&nbsp;&nbsp;AT91F_PMC_GetPeripheralAddress
</UL>
<BR>[Called By]<UL><LI><a href="#[1fb6a64]">&gt;&gt;</a>&nbsp;&nbsp;&nbsp;main
</UL>

<P><STRONG><a name="[1fb626c]"></a>AT91F_Finalize_Init</STRONG> (ARM, 24 bytes, Stack size 0 bytes, lowlevelinit.o(.text), UNUSED)

<P><STRONG><a name="[1fb53a8]"></a>Delaya</STRONG> (ARM, 12 bytes, Stack size 0 bytes, lcd_ge8.o(.text), UNUSED)
<BR><BR>[Calls]<UL><LI><a href="#[1fb53a8]">&gt;&gt;</a>&nbsp;&nbsp;&nbsp;Delaya
</UL>
<BR>[Called By]<UL><LI><a href="#[1fb53a8]">&gt;&gt;</a>&nbsp;&nbsp;&nbsp;Delaya
</UL>

<P><STRONG><a name="[1fb536c]"></a>Delay_</STRONG> (ARM, 12 bytes, Stack size 0 bytes, lcd_ge8.o(.text), UNUSED)
<BR><BR>[Calls]<UL><LI><a href="#[1fb536c]">&gt;&gt;</a>&nbsp;&nbsp;&nbsp;Delay_
</UL>
<BR>[Called By]<UL><LI><a href="#[1fb536c]">&gt;&gt;</a>&nbsp;&nbsp;&nbsp;Delay_
</UL>

<P><STRONG><a name="[1fb5330]"></a>WriteSpiData</STRONG> (ARM, 32 bytes, Stack size 0 bytes, lcd_ge8.o(.text))
<BR><BR>[Called By]<UL><LI><a href="#[1fb518c]">&gt;&gt;</a>&nbsp;&nbsp;&nbsp;LCDSetRect
<LI><a href="#[1fb5204]">&gt;&gt;</a>&nbsp;&nbsp;&nbsp;LCDSetPixel
<LI><a href="#[1fb5240]">&gt;&gt;</a>&nbsp;&nbsp;&nbsp;LCDShowImage130x130
<LI><a href="#[1fb69b0]">&gt;&gt;</a>&nbsp;&nbsp;&nbsp;InitLCD
</UL>

<P><STRONG><a name="[1fb52f4]"></a>WriteSpiCommand</STRONG> (ARM, 32 bytes, Stack size 0 bytes, lcd_ge8.o(.text))
<BR><BR>[Called By]<UL><LI><a href="#[1fb518c]">&gt;&gt;</a>&nbsp;&nbsp;&nbsp;LCDSetRect
<LI><a href="#[1fb5204]">&gt;&gt;</a>&nbsp;&nbsp;&nbsp;LCDSetPixel
<LI><a href="#[1fb5240]">&gt;&gt;</a>&nbsp;&nbsp;&nbsp;LCDShowImage130x130
<LI><a href="#[1fb69b0]">&gt;&gt;</a>&nbsp;&nbsp;&nbsp;InitLCD
</UL>

<P><STRONG><a name="[1fb69b0]"></a>InitLCD</STRONG> (ARM, 396 bytes, Stack size 4 bytes, lcd_ge8.o(.text))
<BR><BR>[Stack]<UL><LI>Max Depth = 4<LI>Call Chain = InitLCD
</UL>
<BR>[Calls]<UL><LI><a href="#[1fb52f4]">&gt;&gt;</a>&nbsp;&nbsp;&nbsp;WriteSpiCommand
<LI><a href="#[1fb5330]">&gt;&gt;</a>&nbsp;&nbsp;&nbsp;WriteSpiData
</UL>
<BR>[Called By]<UL><LI><a href="#[1fb6a64]">&gt;&gt;</a>&nbsp;&nbsp;&nbsp;main
</UL>

<P><STRONG><a name="[1fb52b8]"></a>Backlight</STRONG> (ARM, 28 bytes, Stack size 0 bytes, lcd_ge8.o(.text), UNUSED)

<P><STRONG><a name="[1fb527c]"></a>SetContrast</STRONG> (ARM, 4 bytes, Stack size 0 bytes, lcd_ge8.o(.text), UNUSED)

<P><STRONG><a name="[1fb5240]"></a>LCDShowImage130x130</STRONG> (ARM, 140 bytes, Stack size 8 bytes, lcd_ge8.o(.text), UNUSED)
<BR><BR>[Calls]<UL><LI><a href="#[1fb52f4]">&gt;&gt;</a>&nbsp;&nbsp;&nbsp;WriteSpiCommand
<LI><a href="#[1fb5330]">&gt;&gt;</a>&nbsp;&nbsp;&nbsp;WriteSpiData
</UL>

<P><STRONG><a name="[1fb6974]"></a>LCD_ClearScreen</STRONG> (ARM, 232 bytes, Stack size 32 bytes, lcd_ge8.o(.text))
<BR><BR>[Stack]<UL><LI>Max Depth = 32<LI>Call Chain = LCD_ClearScreen
</UL>
<BR>[Calls]<UL><LI><a href="#[1fb5060]">&gt;&gt;</a>&nbsp;&nbsp;&nbsp;AT91F_SPI_WriteData
<LI><a href="#[1fb509c]">&gt;&gt;</a>&nbsp;&nbsp;&nbsp;AT91F_SPI_WriteCommand
<LI><a href="#[1fb50d8]">&gt;&gt;</a>&nbsp;&nbsp;&nbsp;AT91F_SPI_GetPeripheralAddress
</UL>
<BR>[Called By]<UL><LI><a href="#[1fb6a64]">&gt;&gt;</a>&nbsp;&nbsp;&nbsp;main
</UL>

<P><STRONG><a name="[1fb5204]"></a>LCDSetPixel</STRONG> (ARM, 116 bytes, Stack size 8 bytes, lcd_ge8.o(.text), UNUSED)
<BR><BR>[Calls]<UL><LI><a href="#[1fb52f4]">&gt;&gt;</a>&nbsp;&nbsp;&nbsp;WriteSpiCommand
<LI><a href="#[1fb5330]">&gt;&gt;</a>&nbsp;&nbsp;&nbsp;WriteSpiData
</UL>
<BR>[Called By]<UL><LI><a href="#[1fb5150]">&gt;&gt;</a>&nbsp;&nbsp;&nbsp;LCDSetCircle
<LI><a href="#[1fb51c8]">&gt;&gt;</a>&nbsp;&nbsp;&nbsp;LCDSetLine
</UL>

<P><STRONG><a name="[1fb51c8]"></a>LCDSetLine</STRONG> (ARM, 200 bytes, Stack size 36 bytes, lcd_ge8.o(.text), UNUSED)
<BR><BR>[Calls]<UL><LI><a href="#[1fb5204]">&gt;&gt;</a>&nbsp;&nbsp;&nbsp;LCDSetPixel
</UL>
<BR>[Called By]<UL><LI><a href="#[1fb518c]">&gt;&gt;</a>&nbsp;&nbsp;&nbsp;LCDSetRect
</UL>

<P><STRONG><a name="[1fb518c]"></a>LCDSetRect</STRONG> (ARM, 328 bytes, Stack size 32 bytes, lcd_ge8.o(.text), UNUSED)
<BR><BR>[Calls]<UL><LI><a href="#[1fb51c8]">&gt;&gt;</a>&nbsp;&nbsp;&nbsp;LCDSetLine
<LI><a href="#[1fb52f4]">&gt;&gt;</a>&nbsp;&nbsp;&nbsp;WriteSpiCommand
<LI><a href="#[1fb5330]">&gt;&gt;</a>&nbsp;&nbsp;&nbsp;WriteSpiData
</UL>

<P><STRONG><a name="[1fb5150]"></a>LCDSetCircle</STRONG> (ARM, 316 bytes, Stack size 68 bytes, lcd_ge8.o(.text), UNUSED)
<BR><BR>[Calls]<UL><LI><a href="#[1fb5204]">&gt;&gt;</a>&nbsp;&nbsp;&nbsp;LCDSetPixel
</UL>

<P><STRONG><a name="[1fb5114]"></a>LCD_WriteChar</STRONG> (ARM, 392 bytes, Stack size 64 bytes, lcd_ge8.o(.text))
<BR><BR>[Stack]<UL><LI>Max Depth = 64<LI>Call Chain = LCD_WriteChar
</UL>
<BR>[Calls]<UL><LI><a href="#[1fb5060]">&gt;&gt;</a>&nbsp;&nbsp;&nbsp;AT91F_SPI_WriteData
<LI><a href="#[1fb509c]">&gt;&gt;</a>&nbsp;&nbsp;&nbsp;AT91F_SPI_WriteCommand
<LI><a href="#[1fb50d8]">&gt;&gt;</a>&nbsp;&nbsp;&nbsp;AT91F_SPI_GetPeripheralAddress
</UL>
<BR>[Called By]<UL><LI><a href="#[1fb6938]">&gt;&gt;</a>&nbsp;&nbsp;&nbsp;LCD_WriteString
</UL>

<P><STRONG><a name="[1fb6938]"></a>LCD_WriteString</STRONG> (ARM, 92 bytes, Stack size 40 bytes, lcd_ge8.o(.text))
<BR><BR>[Stack]<UL><LI>Max Depth = 104<LI>Call Chain = LCD_WriteString &rArr; LCD_WriteChar
</UL>
<BR>[Calls]<UL><LI><a href="#[1fb5114]">&gt;&gt;</a>&nbsp;&nbsp;&nbsp;LCD_WriteChar
</UL>
<BR>[Called By]<UL><LI><a href="#[1fb6a64]">&gt;&gt;</a>&nbsp;&nbsp;&nbsp;main
</UL>

<P><STRONG><a name="[1fb48e0]"></a>AT91F_PMC_CfgSysClkEnableRegister</STRONG> (ARM, 8 bytes, Stack size 0 bytes, lib_at91sam7_pmc.o(.text), UNUSED)

<P><STRONG><a name="[1fb48a4]"></a>AT91F_PMC_CfgSysClkDisableRegister</STRONG> (ARM, 8 bytes, Stack size 0 bytes, lib_at91sam7_pmc.o(.text), UNUSED)

<P><STRONG><a name="[1fb4868]"></a>AT91F_PMC_GetSysClkStatusRegister</STRONG> (ARM, 8 bytes, Stack size 0 bytes, lib_at91sam7_pmc.o(.text), UNUSED)

<P><STRONG><a name="[1fb482c]"></a>AT91F_PMC_EnablePeripheralClock</STRONG> (ARM, 8 bytes, Stack size 0 bytes, lib_at91sam7_pmc.o(.text), UNUSED)
<BR><BR>[Called By]<UL><LI><a href="#[1fb2108]">&gt;&gt;</a>&nbsp;&nbsp;&nbsp;AT91F_PIOB_CfgPMC
<LI><a href="#[1fb2144]">&gt;&gt;</a>&nbsp;&nbsp;&nbsp;AT91F_PIOA_CfgPMC
<LI><a href="#[1fb374c]">&gt;&gt;</a>&nbsp;&nbsp;&nbsp;AT91F_SPI_Init
<LI><a href="#[1fb3800]">&gt;&gt;</a>&nbsp;&nbsp;&nbsp;AT91F_SPI0_CfgPMC
<LI><a href="#[1fb3878]">&gt;&gt;</a>&nbsp;&nbsp;&nbsp;AT91F_SPI1_CfgPMC
</UL>

<P><STRONG><a name="[1fb47f0]"></a>AT91F_PMC_DisablePeripheralClock</STRONG> (ARM, 8 bytes, Stack size 0 bytes, lib_at91sam7_pmc.o(.text), UNUSED)

<P><STRONG><a name="[1fb47b4]"></a>AT91F_PMC_GetPeripheralClock</STRONG> (ARM, 8 bytes, Stack size 0 bytes, lib_at91sam7_pmc.o(.text), UNUSED)

<P><STRONG><a name="[1fb4778]"></a>AT91F_CKGR_CfgMainOscillatorRegister</STRONG> (ARM, 8 bytes, Stack size 0 bytes, lib_at91sam7_pmc.o(.text), UNUSED)

<P><STRONG><a name="[1fb473c]"></a>AT91F_CKGR_GetMainOscillatorRegister</STRONG> (ARM, 8 bytes, Stack size 0 bytes, lib_at91sam7_pmc.o(.text), UNUSED)

<P><STRONG><a name="[1fb4700]"></a>AT91F_CKGR_EnableMainOscillator</STRONG> (ARM, 16 bytes, Stack size 0 bytes, lib_at91sam7_pmc.o(.text), UNUSED)

<P><STRONG><a name="[1fb46c4]"></a>AT91F_CKGR_DisableMainOscillator</STRONG> (ARM, 16 bytes, Stack size 0 bytes, lib_at91sam7_pmc.o(.text), UNUSED)

<P><STRONG><a name="[1fb4688]"></a>AT91F_CKGR_CfgMainOscStartUpTime</STRONG> (ARM, 52 bytes, Stack size 8 bytes, lib_at91sam7_pmc.o(.text), UNUSED)
<BR><BR>[Calls]<UL><LI><a href="#[1fb1d0c]">&gt;&gt;</a>&nbsp;&nbsp;&nbsp;__aeabi_uidivmod (via Veneer)
</UL>

<P><STRONG><a name="[1fb464c]"></a>AT91F_CKGR_GetMainClockFreqRegister</STRONG> (ARM, 8 bytes, Stack size 0 bytes, lib_at91sam7_pmc.o(.text), UNUSED)

<P><STRONG><a name="[1fb4610]"></a>AT91F_CKGR_GetMainClock</STRONG> (ARM, 24 bytes, Stack size 0 bytes, lib_at91sam7_pmc.o(.text), UNUSED)

<P><STRONG><a name="[1fb45d4]"></a>AT91F_PMC_CfgMCKRegister</STRONG> (ARM, 8 bytes, Stack size 0 bytes, lib_at91sam7_pmc.o(.text), UNUSED)

<P><STRONG><a name="[1fb4598]"></a>AT91F_PMC_GetMCKRegister</STRONG> (ARM, 8 bytes, Stack size 0 bytes, lib_at91sam7_pmc.o(.text), UNUSED)

<P><STRONG><a name="[1fb455c]"></a>AT91F_PMC_GetMasterClock</STRONG> (ARM, 148 bytes, Stack size 16 bytes, lib_at91sam7_pmc.o(.text), UNUSED)
<BR><BR>[Calls]<UL><LI><a href="#[1fb1d0c]">&gt;&gt;</a>&nbsp;&nbsp;&nbsp;__aeabi_uidivmod (via Veneer)
</UL>

<P><STRONG><a name="[1fb4520]"></a>AT91F_PMC_EnablePCK</STRONG> (ARM, 28 bytes, Stack size 0 bytes, lib_at91sam7_pmc.o(.text), UNUSED)

<P><STRONG><a name="[1fb44e4]"></a>AT91F_PMC_DisablePCK</STRONG> (ARM, 20 bytes, Stack size 0 bytes, lib_at91sam7_pmc.o(.text), UNUSED)

<P><STRONG><a name="[1fb44a8]"></a>AT91F_PMC_EnableInterrupt</STRONG> (ARM, 8 bytes, Stack size 0 bytes, lib_at91sam7_pmc.o(.text), UNUSED)

<P><STRONG><a name="[1fb446c]"></a>AT91F_PMC_DisableInterrupt</STRONG> (ARM, 8 bytes, Stack size 0 bytes, lib_at91sam7_pmc.o(.text), UNUSED)

<P><STRONG><a name="[1fb4430]"></a>AT91F_PMC_GetStatus</STRONG> (ARM, 8 bytes, Stack size 0 bytes, lib_at91sam7_pmc.o(.text), UNUSED)

<P><STRONG><a name="[1fb43f4]"></a>AT91F_PMC_GetInterruptMaskStatus</STRONG> (ARM, 8 bytes, Stack size 0 bytes, lib_at91sam7_pmc.o(.text), UNUSED)

<P><STRONG><a name="[1fb43b8]"></a>AT91F_PMC_IsInterruptMasked</STRONG> (ARM, 12 bytes, Stack size 0 bytes, lib_at91sam7_pmc.o(.text), UNUSED)

<P><STRONG><a name="[1fb437c]"></a>AT91F_PMC_IsStatusSet</STRONG> (ARM, 12 bytes, Stack size 0 bytes, lib_at91sam7_pmc.o(.text), UNUSED)

<P><STRONG><a name="[1fb4340]"></a>AT91F_CKGR_CfgPLLRegister</STRONG> (ARM, 8 bytes, Stack size 0 bytes, lib_at91sam7_pmc.o(.text), UNUSED)

<P><STRONG><a name="[1fb4304]"></a>AT91F_CKGR_GetPLLRegister</STRONG> (ARM, 8 bytes, Stack size 0 bytes, lib_at91sam7_pmc.o(.text), UNUSED)

<P><STRONG><a name="[1fb42c8]"></a>AT91F_PMC_CfgPMC</STRONG> (ARM, 12 bytes, Stack size 0 bytes, lib_at91sam7_pmc.o(.text), UNUSED)

<P><STRONG><a name="[1fb428c]"></a>AT91F_PMC_CfgPIO</STRONG> (ARM, 40 bytes, Stack size 8 bytes, lib_at91sam7_pmc.o(.text), UNUSED)
<BR><BR>[Calls]<UL><LI><a href="#[1fb4250]">&gt;&gt;</a>&nbsp;&nbsp;&nbsp;AT91F_PIO_CfgPeripheral
</UL>

<P><STRONG><a name="[1fb6230]"></a>AT91F_PMC_GetPeripheralAddress</STRONG> (ARM, 8 bytes, Stack size 0 bytes, lib_at91sam7_pmc.o(.text))
<BR><BR>[Called By]<UL><LI><a href="#[1fb6a28]">&gt;&gt;</a>&nbsp;&nbsp;&nbsp;AT91F_LowLevel_Init
</UL>

<P><STRONG><a name="[1fb3c74]"></a>AT91F_SPI_CfgCs</STRONG> (ARM, 12 bytes, Stack size 0 bytes, lib_at91sam7_spi.o(.text), UNUSED)

<P><STRONG><a name="[1fb3c38]"></a>AT91F_SPI_EnableInterrupt</STRONG> (ARM, 8 bytes, Stack size 0 bytes, lib_at91sam7_spi.o(.text), UNUSED)

<P><STRONG><a name="[1fb3bfc]"></a>AT91F_SPI_DisableInterrupt</STRONG> (ARM, 8 bytes, Stack size 0 bytes, lib_at91sam7_spi.o(.text), UNUSED)

<P><STRONG><a name="[1fb3bc0]"></a>AT91F_SPI_Reset</STRONG> (ARM, 12 bytes, Stack size 0 bytes, lib_at91sam7_spi.o(.text), UNUSED)

<P><STRONG><a name="[1fb3b84]"></a>AT91F_SPI_Enable</STRONG> (ARM, 12 bytes, Stack size 0 bytes, lib_at91sam7_spi.o(.text), UNUSED)

<P><STRONG><a name="[1fb3b48]"></a>AT91F_SPI_Disable</STRONG> (ARM, 12 bytes, Stack size 0 bytes, lib_at91sam7_spi.o(.text), UNUSED)

<P><STRONG><a name="[1fb3b0c]"></a>AT91F_SPI_CfgMode</STRONG> (ARM, 8 bytes, Stack size 0 bytes, lib_at91sam7_spi.o(.text), UNUSED)

<P><STRONG><a name="[1fb3ad0]"></a>AT91F_SPI_CfgPCS</STRONG> (ARM, 36 bytes, Stack size 0 bytes, lib_at91sam7_spi.o(.text), UNUSED)

<P><STRONG><a name="[1fb3a94]"></a>AT91F_SPI_ReceiveFrame</STRONG> (ARM, 36 bytes, Stack size 8 bytes, lib_at91sam7_spi.o(.text), UNUSED)
<BR><BR>[Calls]<UL><LI><a href="#[1fb365c]">&gt;&gt;</a>&nbsp;&nbsp;&nbsp;AT91F_PDC_ReceiveFrame
</UL>

<P><STRONG><a name="[1fb3a58]"></a>AT91F_SPI_SendFrame</STRONG> (ARM, 36 bytes, Stack size 8 bytes, lib_at91sam7_spi.o(.text), UNUSED)
<BR><BR>[Calls]<UL><LI><a href="#[1fb3620]">&gt;&gt;</a>&nbsp;&nbsp;&nbsp;AT91F_PDC_SendFrame
</UL>

<P><STRONG><a name="[1fb3a1c]"></a>AT91F_SPI_Close</STRONG> (ARM, 64 bytes, Stack size 8 bytes, lib_at91sam7_spi.o(.text), UNUSED)
<BR><BR>[Calls]<UL><LI><a href="#[1fb36d4]">&gt;&gt;</a>&nbsp;&nbsp;&nbsp;AT91F_PDC_Close
</UL>

<P><STRONG><a name="[1fb39e0]"></a>AT91F_SPI_PutChar</STRONG> (ARM, 36 bytes, Stack size 0 bytes, lib_at91sam7_spi.o(.text))
<BR><BR>[Called By]<UL><LI><a href="#[1fb5060]">&gt;&gt;</a>&nbsp;&nbsp;&nbsp;AT91F_SPI_WriteData
<LI><a href="#[1fb509c]">&gt;&gt;</a>&nbsp;&nbsp;&nbsp;AT91F_SPI_WriteCommand
</UL>

<P><STRONG><a name="[1fb39a4]"></a>AT91F_SPI_GetChar</STRONG> (ARM, 16 bytes, Stack size 0 bytes, lib_at91sam7_spi.o(.text), UNUSED)

<P><STRONG><a name="[1fb3968]"></a>AT91F_SPI_GetInterruptMaskStatus</STRONG> (ARM, 8 bytes, Stack size 0 bytes, lib_at91sam7_spi.o(.text), UNUSED)

<P><STRONG><a name="[1fb392c]"></a>AT91F_SPI_IsInterruptMasked</STRONG> (ARM, 12 bytes, Stack size 0 bytes, lib_at91sam7_spi.o(.text), UNUSED)

<P><STRONG><a name="[1fb38f0]"></a>AT91F_SPI_GetStatus</STRONG> (ARM, 8 bytes, Stack size 0 bytes, lib_at91sam7_spi.o(.text), UNUSED)

<P><STRONG><a name="[1fb38b4]"></a>AT91F_SPI_IsStatusMasked</STRONG> (ARM, 12 bytes, Stack size 0 bytes, lib_at91sam7_spi.o(.text), UNUSED)

<P><STRONG><a name="[1fb3878]"></a>AT91F_SPI1_CfgPMC</STRONG> (ARM, 8 bytes, Stack size 0 bytes, lib_at91sam7_spi.o(.text), UNUSED)
<BR><BR>[Calls]<UL><LI><a href="#[1fb482c]">&gt;&gt;</a>&nbsp;&nbsp;&nbsp;AT91F_PMC_EnablePeripheralClock
</UL>

<P><STRONG><a name="[1fb383c]"></a>AT91F_SPI1_CfgPIO</STRONG> (ARM, 40 bytes, Stack size 8 bytes, lib_at91sam7_spi.o(.text), UNUSED)
<BR><BR>[Calls]<UL><LI><a href="#[1fb4250]">&gt;&gt;</a>&nbsp;&nbsp;&nbsp;AT91F_PIO_CfgPeripheral
</UL>

<P><STRONG><a name="[1fb3800]"></a>AT91F_SPI0_CfgPMC</STRONG> (ARM, 8 bytes, Stack size 0 bytes, lib_at91sam7_spi.o(.text), UNUSED)
<BR><BR>[Calls]<UL><LI><a href="#[1fb482c]">&gt;&gt;</a>&nbsp;&nbsp;&nbsp;AT91F_PMC_EnablePeripheralClock
</UL>

<P><STRONG><a name="[1fb37c4]"></a>AT91F_SPI0_CfgPIO</STRONG> (ARM, 40 bytes, Stack size 8 bytes, lib_at91sam7_spi.o(.text), UNUSED)
<BR><BR>[Calls]<UL><LI><a href="#[1fb4250]">&gt;&gt;</a>&nbsp;&nbsp;&nbsp;AT91F_PIO_CfgPeripheral
</UL>

<P><STRONG><a name="[1fb509c]"></a>AT91F_SPI_WriteCommand</STRONG> (ARM, 20 bytes, Stack size 0 bytes, lib_at91sam7_spi.o(.text))
<BR><BR>[Calls]<UL><LI><a href="#[1fb39e0]">&gt;&gt;</a>&nbsp;&nbsp;&nbsp;AT91F_SPI_PutChar
</UL>
<BR>[Called By]<UL><LI><a href="#[1fb5114]">&gt;&gt;</a>&nbsp;&nbsp;&nbsp;LCD_WriteChar
<LI><a href="#[1fb6974]">&gt;&gt;</a>&nbsp;&nbsp;&nbsp;LCD_ClearScreen
</UL>

<P><STRONG><a name="[1fb5060]"></a>AT91F_SPI_WriteData</STRONG> (ARM, 20 bytes, Stack size 0 bytes, lib_at91sam7_spi.o(.text))
<BR><BR>[Calls]<UL><LI><a href="#[1fb39e0]">&gt;&gt;</a>&nbsp;&nbsp;&nbsp;AT91F_SPI_PutChar
</UL>
<BR>[Called By]<UL><LI><a href="#[1fb5114]">&gt;&gt;</a>&nbsp;&nbsp;&nbsp;LCD_WriteChar
<LI><a href="#[1fb6974]">&gt;&gt;</a>&nbsp;&nbsp;&nbsp;LCD_ClearScreen
</UL>

<P><STRONG><a name="[1fb3788]"></a>AT91F_SPI_ReadData</STRONG> (ARM, 96 bytes, Stack size 4 bytes, lib_at91sam7_spi.o(.text), UNUSED)

<P><STRONG><a name="[1fb50d8]"></a>AT91F_SPI_GetPeripheralAddress</STRONG> (ARM, 28 bytes, Stack size 0 bytes, lib_at91sam7_spi.o(.text))
<BR><BR>[Called By]<UL><LI><a href="#[1fb374c]">&gt;&gt;</a>&nbsp;&nbsp;&nbsp;AT91F_SPI_Init
<LI><a href="#[1fb5114]">&gt;&gt;</a>&nbsp;&nbsp;&nbsp;LCD_WriteChar
<LI><a href="#[1fb6974]">&gt;&gt;</a>&nbsp;&nbsp;&nbsp;LCD_ClearScreen
</UL>

<P><STRONG><a name="[1fb374c]"></a>AT91F_SPI_Init</STRONG> (ARM, 96 bytes, Stack size 16 bytes, lib_at91sam7_spi.o(.text), UNUSED)
<BR><BR>[Calls]<UL><LI><a href="#[1fb3698]">&gt;&gt;</a>&nbsp;&nbsp;&nbsp;AT91F_PDC_Open
<LI><a href="#[1fb482c]">&gt;&gt;</a>&nbsp;&nbsp;&nbsp;AT91F_PMC_EnablePeripheralClock
<LI><a href="#[1fb50d8]">&gt;&gt;</a>&nbsp;&nbsp;&nbsp;AT91F_SPI_GetPeripheralAddress
</UL>

<P><STRONG><a name="[1fb3710]"></a>AT91F_SPI_PDC_GetPeripheralAddress</STRONG> (ARM, 28 bytes, Stack size 0 bytes, lib_at91sam7_spi.o(.text), UNUSED)

<P><STRONG><a name="[1fb3260]"></a>AT91F_PDC_SetNextRx</STRONG> (ARM, 12 bytes, Stack size 0 bytes, lib_at91sam7_pdc.o(.text), UNUSED)

<P><STRONG><a name="[1fb3224]"></a>AT91F_PDC_SetNextTx</STRONG> (ARM, 12 bytes, Stack size 0 bytes, lib_at91sam7_pdc.o(.text), UNUSED)

<P><STRONG><a name="[1fb31e8]"></a>AT91F_PDC_SetRx</STRONG> (ARM, 12 bytes, Stack size 0 bytes, lib_at91sam7_pdc.o(.text), UNUSED)

<P><STRONG><a name="[1fb31ac]"></a>AT91F_PDC_SetTx</STRONG> (ARM, 12 bytes, Stack size 0 bytes, lib_at91sam7_pdc.o(.text), UNUSED)

<P><STRONG><a name="[1fb3170]"></a>AT91F_PDC_EnableTx</STRONG> (ARM, 12 bytes, Stack size 0 bytes, lib_at91sam7_pdc.o(.text), UNUSED)

<P><STRONG><a name="[1fb3134]"></a>AT91F_PDC_EnableRx</STRONG> (ARM, 12 bytes, Stack size 0 bytes, lib_at91sam7_pdc.o(.text), UNUSED)

<P><STRONG><a name="[1fb30f8]"></a>AT91F_PDC_DisableTx</STRONG> (ARM, 12 bytes, Stack size 0 bytes, lib_at91sam7_pdc.o(.text), UNUSED)

<P><STRONG><a name="[1fb30bc]"></a>AT91F_PDC_DisableRx</STRONG> (ARM, 12 bytes, Stack size 0 bytes, lib_at91sam7_pdc.o(.text), UNUSED)

<P><STRONG><a name="[1fb3080]"></a>AT91F_PDC_IsTxEmpty</STRONG> (ARM, 16 bytes, Stack size 0 bytes, lib_at91sam7_pdc.o(.text), UNUSED)
<BR><BR>[Called By]<UL><LI><a href="#[1fb3620]">&gt;&gt;</a>&nbsp;&nbsp;&nbsp;AT91F_PDC_SendFrame
</UL>

<P><STRONG><a name="[1fb3044]"></a>AT91F_PDC_IsNextTxEmpty</STRONG> (ARM, 16 bytes, Stack size 0 bytes, lib_at91sam7_pdc.o(.text), UNUSED)
<BR><BR>[Called By]<UL><LI><a href="#[1fb3620]">&gt;&gt;</a>&nbsp;&nbsp;&nbsp;AT91F_PDC_SendFrame
</UL>

<P><STRONG><a name="[1fb3008]"></a>AT91F_PDC_IsRxEmpty</STRONG> (ARM, 16 bytes, Stack size 0 bytes, lib_at91sam7_pdc.o(.text), UNUSED)
<BR><BR>[Called By]<UL><LI><a href="#[1fb365c]">&gt;&gt;</a>&nbsp;&nbsp;&nbsp;AT91F_PDC_ReceiveFrame
</UL>

<P><STRONG><a name="[1fb2fcc]"></a>AT91F_PDC_IsNextRxEmpty</STRONG> (ARM, 16 bytes, Stack size 0 bytes, lib_at91sam7_pdc.o(.text), UNUSED)
<BR><BR>[Called By]<UL><LI><a href="#[1fb365c]">&gt;&gt;</a>&nbsp;&nbsp;&nbsp;AT91F_PDC_ReceiveFrame
</UL>

<P><STRONG><a name="[1fb3698]"></a>AT91F_PDC_Open</STRONG> (ARM, 72 bytes, Stack size 0 bytes, lib_at91sam7_pdc.o(.text), UNUSED)
<BR><BR>[Called By]<UL><LI><a href="#[1fb374c]">&gt;&gt;</a>&nbsp;&nbsp;&nbsp;AT91F_SPI_Init
</UL>

<P><STRONG><a name="[1fb36d4]"></a>AT91F_PDC_Close</STRONG> (ARM, 56 bytes, Stack size 0 bytes, lib_at91sam7_pdc.o(.text), UNUSED)
<BR><BR>[Called By]<UL><LI><a href="#[1fb3a1c]">&gt;&gt;</a>&nbsp;&nbsp;&nbsp;AT91F_SPI_Close
</UL>

<P><STRONG><a name="[1fb3620]"></a>AT91F_PDC_SendFrame</STRONG> (ARM, 76 bytes, Stack size 8 bytes, lib_at91sam7_pdc.o(.text), UNUSED)
<BR><BR>[Calls]<UL><LI><a href="#[1fb3044]">&gt;&gt;</a>&nbsp;&nbsp;&nbsp;AT91F_PDC_IsNextTxEmpty
<LI><a href="#[1fb3080]">&gt;&gt;</a>&nbsp;&nbsp;&nbsp;AT91F_PDC_IsTxEmpty
</UL>
<BR>[Called By]<UL><LI><a href="#[1fb3a58]">&gt;&gt;</a>&nbsp;&nbsp;&nbsp;AT91F_SPI_SendFrame
</UL>

<P><STRONG><a name="[1fb365c]"></a>AT91F_PDC_ReceiveFrame</STRONG> (ARM, 76 bytes, Stack size 8 bytes, lib_at91sam7_pdc.o(.text), UNUSED)
<BR><BR>[Calls]<UL><LI><a href="#[1fb2fcc]">&gt;&gt;</a>&nbsp;&nbsp;&nbsp;AT91F_PDC_IsNextRxEmpty
<LI><a href="#[1fb3008]">&gt;&gt;</a>&nbsp;&nbsp;&nbsp;AT91F_PDC_IsRxEmpty
</UL>
<BR>[Called By]<UL><LI><a href="#[1fb3a94]">&gt;&gt;</a>&nbsp;&nbsp;&nbsp;AT91F_SPI_ReceiveFrame
</UL>

<P><STRONG><a name="[1fb4250]"></a>AT91F_PIO_CfgPeripheral</STRONG> (ARM, 20 bytes, Stack size 0 bytes, lib_at91sam7_pio.o(.text), UNUSED)
<BR><BR>[Called By]<UL><LI><a href="#[1fb37c4]">&gt;&gt;</a>&nbsp;&nbsp;&nbsp;AT91F_SPI0_CfgPIO
<LI><a href="#[1fb383c]">&gt;&gt;</a>&nbsp;&nbsp;&nbsp;AT91F_SPI1_CfgPIO
<LI><a href="#[1fb428c]">&gt;&gt;</a>&nbsp;&nbsp;&nbsp;AT91F_PMC_CfgPIO
</UL>

<P><STRONG><a name="[1fb2c0c]"></a>AT91F_PIO_CfgOutput</STRONG> (ARM, 12 bytes, Stack size 0 bytes, lib_at91sam7_pio.o(.text), UNUSED)

<P><STRONG><a name="[1fb2bd0]"></a>AT91F_PIO_CfgInput</STRONG> (ARM, 8 bytes, Stack size 0 bytes, lib_at91sam7_pio.o(.text), UNUSED)

<P><STRONG><a name="[1fb2b94]"></a>AT91F_PIO_CfgOpenDrain</STRONG> (ARM, 16 bytes, Stack size 0 bytes, lib_at91sam7_pio.o(.text), UNUSED)

<P><STRONG><a name="[1fb2b58]"></a>AT91F_PIO_CfgPullup</STRONG> (ARM, 16 bytes, Stack size 0 bytes, lib_at91sam7_pio.o(.text), UNUSED)

<P><STRONG><a name="[1fb2b1c]"></a>AT91F_PIO_DisablePullup</STRONG> (ARM, 8 bytes, Stack size 0 bytes, lib_at91sam7_pio.o(.text), UNUSED)

<P><STRONG><a name="[1fb2ae0]"></a>AT91F_PIO_CfgDirectDrive</STRONG> (ARM, 16 bytes, Stack size 0 bytes, lib_at91sam7_pio.o(.text), UNUSED)

<P><STRONG><a name="[1fb2aa4]"></a>AT91F_PIO_CfgInputFilter</STRONG> (ARM, 16 bytes, Stack size 0 bytes, lib_at91sam7_pio.o(.text), UNUSED)

<P><STRONG><a name="[1fb2a68]"></a>AT91F_PIO_GetInput</STRONG> (ARM, 8 bytes, Stack size 0 bytes, lib_at91sam7_pio.o(.text), UNUSED)

<P><STRONG><a name="[1fb2a2c]"></a>AT91F_PIO_IsInputSet</STRONG> (ARM, 12 bytes, Stack size 0 bytes, lib_at91sam7_pio.o(.text), UNUSED)

<P><STRONG><a name="[1fb29f0]"></a>AT91F_PIO_SetOutput</STRONG> (ARM, 8 bytes, Stack size 0 bytes, lib_at91sam7_pio.o(.text), UNUSED)

<P><STRONG><a name="[1fb29b4]"></a>AT91F_PIO_ClearOutput</STRONG> (ARM, 8 bytes, Stack size 0 bytes, lib_at91sam7_pio.o(.text), UNUSED)

<P><STRONG><a name="[1fb2978]"></a>AT91F_PIO_ForceOutput</STRONG> (ARM, 8 bytes, Stack size 0 bytes, lib_at91sam7_pio.o(.text), UNUSED)

<P><STRONG><a name="[1fb293c]"></a>AT91F_PIO_Enable</STRONG> (ARM, 8 bytes, Stack size 0 bytes, lib_at91sam7_pio.o(.text), UNUSED)

<P><STRONG><a name="[1fb2900]"></a>AT91F_PIO_Disable</STRONG> (ARM, 8 bytes, Stack size 0 bytes, lib_at91sam7_pio.o(.text), UNUSED)

<P><STRONG><a name="[1fb28c4]"></a>AT91F_PIO_GetStatus</STRONG> (ARM, 8 bytes, Stack size 0 bytes, lib_at91sam7_pio.o(.text), UNUSED)

<P><STRONG><a name="[1fb2888]"></a>AT91F_PIO_IsSet</STRONG> (ARM, 12 bytes, Stack size 0 bytes, lib_at91sam7_pio.o(.text), UNUSED)

<P><STRONG><a name="[1fb284c]"></a>AT91F_PIO_OutputEnable</STRONG> (ARM, 8 bytes, Stack size 0 bytes, lib_at91sam7_pio.o(.text), UNUSED)

<P><STRONG><a name="[1fb2810]"></a>AT91F_PIO_OutputDisable</STRONG> (ARM, 8 bytes, Stack size 0 bytes, lib_at91sam7_pio.o(.text), UNUSED)

<P><STRONG><a name="[1fb27d4]"></a>AT91F_PIO_GetOutputStatus</STRONG> (ARM, 8 bytes, Stack size 0 bytes, lib_at91sam7_pio.o(.text), UNUSED)

<P><STRONG><a name="[1fb2798]"></a>AT91F_PIO_IsOutputSet</STRONG> (ARM, 12 bytes, Stack size 0 bytes, lib_at91sam7_pio.o(.text), UNUSED)

<P><STRONG><a name="[1fb275c]"></a>AT91F_PIO_InputFilterEnable</STRONG> (ARM, 8 bytes, Stack size 0 bytes, lib_at91sam7_pio.o(.text), UNUSED)

<P><STRONG><a name="[1fb2720]"></a>AT91F_PIO_InputFilterDisable</STRONG> (ARM, 8 bytes, Stack size 0 bytes, lib_at91sam7_pio.o(.text), UNUSED)

<P><STRONG><a name="[1fb26e4]"></a>AT91F_PIO_GetInputFilterStatus</STRONG> (ARM, 8 bytes, Stack size 0 bytes, lib_at91sam7_pio.o(.text), UNUSED)

<P><STRONG><a name="[1fb26a8]"></a>AT91F_PIO_IsInputFilterSet</STRONG> (ARM, 12 bytes, Stack size 0 bytes, lib_at91sam7_pio.o(.text), UNUSED)

<P><STRONG><a name="[1fb266c]"></a>AT91F_PIO_GetOutputDataStatus</STRONG> (ARM, 8 bytes, Stack size 0 bytes, lib_at91sam7_pio.o(.text), UNUSED)

<P><STRONG><a name="[1fb2630]"></a>AT91F_PIO_InterruptEnable</STRONG> (ARM, 8 bytes, Stack size 0 bytes, lib_at91sam7_pio.o(.text), UNUSED)

<P><STRONG><a name="[1fb25f4]"></a>AT91F_PIO_InterruptDisable</STRONG> (ARM, 8 bytes, Stack size 0 bytes, lib_at91sam7_pio.o(.text), UNUSED)

<P><STRONG><a name="[1fb25b8]"></a>AT91F_PIO_GetInterruptMaskStatus</STRONG> (ARM, 8 bytes, Stack size 0 bytes, lib_at91sam7_pio.o(.text), UNUSED)

<P><STRONG><a name="[1fb257c]"></a>AT91F_PIO_GetInterruptStatus</STRONG> (ARM, 8 bytes, Stack size 0 bytes, lib_at91sam7_pio.o(.text), UNUSED)

<P><STRONG><a name="[1fb2540]"></a>AT91F_PIO_IsInterruptMasked</STRONG> (ARM, 12 bytes, Stack size 0 bytes, lib_at91sam7_pio.o(.text), UNUSED)

<P><STRONG><a name="[1fb2504]"></a>AT91F_PIO_IsInterruptSet</STRONG> (ARM, 12 bytes, Stack size 0 bytes, lib_at91sam7_pio.o(.text), UNUSED)

<P><STRONG><a name="[1fb24c8]"></a>AT91F_PIO_MultiDriverEnable</STRONG> (ARM, 8 bytes, Stack size 0 bytes, lib_at91sam7_pio.o(.text), UNUSED)

<P><STRONG><a name="[1fb248c]"></a>AT91F_PIO_MultiDriverDisable</STRONG> (ARM, 8 bytes, Stack size 0 bytes, lib_at91sam7_pio.o(.text), UNUSED)

<P><STRONG><a name="[1fb2450]"></a>AT91F_PIO_GetMultiDriverStatus</STRONG> (ARM, 8 bytes, Stack size 0 bytes, lib_at91sam7_pio.o(.text), UNUSED)

<P><STRONG><a name="[1fb2414]"></a>AT91F_PIO_IsMultiDriverSet</STRONG> (ARM, 12 bytes, Stack size 0 bytes, lib_at91sam7_pio.o(.text), UNUSED)

<P><STRONG><a name="[1fb23d8]"></a>AT91F_PIO_A_RegisterSelection</STRONG> (ARM, 8 bytes, Stack size 0 bytes, lib_at91sam7_pio.o(.text), UNUSED)

<P><STRONG><a name="[1fb239c]"></a>AT91F_PIO_B_RegisterSelection</STRONG> (ARM, 8 bytes, Stack size 0 bytes, lib_at91sam7_pio.o(.text), UNUSED)

<P><STRONG><a name="[1fb2360]"></a>AT91F_PIO_Get_AB_RegisterStatus</STRONG> (ARM, 8 bytes, Stack size 0 bytes, lib_at91sam7_pio.o(.text), UNUSED)

<P><STRONG><a name="[1fb2324]"></a>AT91F_PIO_IsAB_RegisterSet</STRONG> (ARM, 12 bytes, Stack size 0 bytes, lib_at91sam7_pio.o(.text), UNUSED)

<P><STRONG><a name="[1fb22e8]"></a>AT91F_PIO_OutputWriteEnable</STRONG> (ARM, 8 bytes, Stack size 0 bytes, lib_at91sam7_pio.o(.text), UNUSED)

<P><STRONG><a name="[1fb22ac]"></a>AT91F_PIO_OutputWriteDisable</STRONG> (ARM, 8 bytes, Stack size 0 bytes, lib_at91sam7_pio.o(.text), UNUSED)

<P><STRONG><a name="[1fb2270]"></a>AT91F_PIO_GetOutputWriteStatus</STRONG> (ARM, 8 bytes, Stack size 0 bytes, lib_at91sam7_pio.o(.text), UNUSED)

<P><STRONG><a name="[1fb2234]"></a>AT91F_PIO_IsOutputWriteSet</STRONG> (ARM, 12 bytes, Stack size 0 bytes, lib_at91sam7_pio.o(.text), UNUSED)

<P><STRONG><a name="[1fb21f8]"></a>AT91F_PIO_GetCfgPullup</STRONG> (ARM, 8 bytes, Stack size 0 bytes, lib_at91sam7_pio.o(.text), UNUSED)

<P><STRONG><a name="[1fb21bc]"></a>AT91F_PIO_IsOutputDataStatusSet</STRONG> (ARM, 12 bytes, Stack size 0 bytes, lib_at91sam7_pio.o(.text), UNUSED)

<P><STRONG><a name="[1fb2180]"></a>AT91F_PIO_IsCfgPullupStatusSet</STRONG> (ARM, 12 bytes, Stack size 0 bytes, lib_at91sam7_pio.o(.text), UNUSED)

<P><STRONG><a name="[1fb2144]"></a>AT91F_PIOA_CfgPMC</STRONG> (ARM, 8 bytes, Stack size 0 bytes, lib_at91sam7_pio.o(.text), UNUSED)
<BR><BR>[Calls]<UL><LI><a href="#[1fb482c]">&gt;&gt;</a>&nbsp;&nbsp;&nbsp;AT91F_PMC_EnablePeripheralClock
</UL>

<P><STRONG><a name="[1fb2108]"></a>AT91F_PIOB_CfgPMC</STRONG> (ARM, 8 bytes, Stack size 0 bytes, lib_at91sam7_pio.o(.text), UNUSED)
<BR><BR>[Calls]<UL><LI><a href="#[1fb482c]">&gt;&gt;</a>&nbsp;&nbsp;&nbsp;AT91F_PMC_EnablePeripheralClock
</UL>

<P><STRONG><a name="[1fb20cc]"></a>AT91F_PIO_GetPeripheralAddress</STRONG> (ARM, 28 bytes, Stack size 0 bytes, lib_at91sam7_pio.o(.text), UNUSED)

<P><STRONG><a name="[1fb1d48]"></a>__aeabi_uidiv</STRONG> (Thumb, 0 bytes, Stack size 8 bytes, uidiv.o(.text), UNUSED)

<P><STRONG><a name="[1fb1d0c]"></a>__aeabi_uidivmod</STRONG> (Thumb, 46 bytes, Stack size 8 bytes, uidiv.o(.text), UNUSED)
<BR><BR>[Called By]<UL><LI><a href="#[1fb455c]">&gt;&gt;</a>&nbsp;&nbsp;&nbsp;AT91F_PMC_GetMasterClock (via Veneer)
<LI><a href="#[1fb4688]">&gt;&gt;</a>&nbsp;&nbsp;&nbsp;AT91F_CKGR_CfgMainOscStartUpTime (via Veneer)
</UL>

<P><STRONG><a name="[1fb1820]"></a>__scatterload</STRONG> (Thumb, 24 bytes, Stack size 0 bytes, init.o(.text))
<BR><BR>[Calls]<UL><LI><a href="#[1fb17a8]">&gt;&gt;</a>&nbsp;&nbsp;&nbsp;__ARM_common_call_via_r3
<LI><a href="#[1fb1ab4]">&gt;&gt;</a>&nbsp;&nbsp;&nbsp;__main_after_scatterload (via Veneer)
</UL>
<BR>[Called By]<UL><LI><a href="#[1fb1af0]">&gt;&gt;</a>&nbsp;&nbsp;&nbsp;_main_scatterload (via Veneer)
</UL>

<P><STRONG><a name="[1fb17e4]"></a>__scatterload_rt2</STRONG> (Thumb, 0 bytes, Stack size 0 bytes, init.o(.text), UNUSED)

<P><STRONG><a name="[1fb17a8]"></a>__ARM_common_call_via_r3</STRONG> (Thumb, 2 bytes, Stack size 0 bytes, init.o(i.__ARM_common_call_via_r3))
<BR><BR>[Called By]<UL><LI><a href="#[1fb1820]">&gt;&gt;</a>&nbsp;&nbsp;&nbsp;__scatterload
</UL>

<P><STRONG><a name="[1fb1424]"></a>__scatterload_copy</STRONG> (ARM, 24 bytes, Stack size unknown bytes, handlers.o(i.__scatterload_copy), UNUSED)
<BR><BR>[Calls]<UL><LI><a href="#[1fb1424]">&gt;&gt;</a>&nbsp;&nbsp;&nbsp;__scatterload_copy
</UL>
<BR>[Called By]<UL><LI><a href="#[1fb1424]">&gt;&gt;</a>&nbsp;&nbsp;&nbsp;__scatterload_copy
</UL>

<P><STRONG><a name="[1fb13e8]"></a>__scatterload_null</STRONG> (ARM, 4 bytes, Stack size unknown bytes, handlers.o(i.__scatterload_null), UNUSED)

<P><STRONG><a name="[1fb13ac]"></a>__scatterload_zeroinit</STRONG> (ARM, 24 bytes, Stack size unknown bytes, handlers.o(i.__scatterload_zeroinit), UNUSED)
<P>
<H3>
Local Symbols
</H3>
<P><STRONG><a name="[1fb78b0]"></a>Undef_Handler</STRONG> (ARM, 4 bytes, Stack size unknown bytes, sam7.o(RESET))
<BR><BR>[Calls]<UL><LI><a href="#[1fb78b0]">&gt;&gt;</a>&nbsp;&nbsp;&nbsp;Undef_Handler
</UL>
<BR>[Called By]<UL><LI><a href="#[1fb78b0]">&gt;&gt;</a>&nbsp;&nbsp;&nbsp;Undef_Handler
</UL>
<BR>[Address Reference Count : 1]<UL><LI> sam7.o(RESET)
</UL>
<P><STRONG><a name="[1fb7874]"></a>SWI_Handler</STRONG> (ARM, 4 bytes, Stack size unknown bytes, sam7.o(RESET))
<BR><BR>[Calls]<UL><LI><a href="#[1fb7874]">&gt;&gt;</a>&nbsp;&nbsp;&nbsp;SWI_Handler
</UL>
<BR>[Called By]<UL><LI><a href="#[1fb7874]">&gt;&gt;</a>&nbsp;&nbsp;&nbsp;SWI_Handler
</UL>
<BR>[Address Reference Count : 1]<UL><LI> sam7.o(RESET)
</UL>
<P><STRONG><a name="[1fb7838]"></a>PAbt_Handler</STRONG> (ARM, 4 bytes, Stack size unknown bytes, sam7.o(RESET))
<BR><BR>[Calls]<UL><LI><a href="#[1fb7838]">&gt;&gt;</a>&nbsp;&nbsp;&nbsp;PAbt_Handler
</UL>
<BR>[Called By]<UL><LI><a href="#[1fb7838]">&gt;&gt;</a>&nbsp;&nbsp;&nbsp;PAbt_Handler
</UL>
<BR>[Address Reference Count : 1]<UL><LI> sam7.o(RESET)
</UL>
<P><STRONG><a name="[1fb77fc]"></a>DAbt_Handler</STRONG> (ARM, 4 bytes, Stack size unknown bytes, sam7.o(RESET))
<BR><BR>[Calls]<UL><LI><a href="#[1fb77fc]">&gt;&gt;</a>&nbsp;&nbsp;&nbsp;DAbt_Handler
</UL>
<BR>[Called By]<UL><LI><a href="#[1fb77fc]">&gt;&gt;</a>&nbsp;&nbsp;&nbsp;DAbt_Handler
</UL>
<BR>[Address Reference Count : 1]<UL><LI> sam7.o(RESET)
</UL>
<P><STRONG><a name="[1fb77c0]"></a>IRQ_Handler</STRONG> (ARM, 4 bytes, Stack size unknown bytes, sam7.o(RESET))
<BR><BR>[Calls]<UL><LI><a href="#[1fb77c0]">&gt;&gt;</a>&nbsp;&nbsp;&nbsp;IRQ_Handler
</UL>
<BR>[Called By]<UL><LI><a href="#[1fb77c0]">&gt;&gt;</a>&nbsp;&nbsp;&nbsp;IRQ_Handler
</UL>
<BR>[Address Reference Count : 1]<UL><LI> sam7.o(RESET)
</UL>
<P><STRONG><a name="[1fb7784]"></a>FIQ_Handler</STRONG> (ARM, 4 bytes, Stack size unknown bytes, sam7.o(RESET))
<BR><BR>[Calls]<UL><LI><a href="#[1fb7784]">&gt;&gt;</a>&nbsp;&nbsp;&nbsp;FIQ_Handler
</UL>
<BR>[Called By]<UL><LI><a href="#[1fb7784]">&gt;&gt;</a>&nbsp;&nbsp;&nbsp;FIQ_Handler
</UL>
<BR>[Address Reference Count : 1]<UL><LI> sam7.o(RESET)
</UL><P>
<H3>
Undefined Global Symbols
</H3><HR></body></html>
